<html>
<body>
<pre>
<h1>µVision Build Log</h1>
<h2>Tool Versions:</h2>
IDE-Version: µVision V5.29.0.0
Copyright (C) 2019 ARM Ltd and ARM Germany GmbH. All rights reserved.
License Information: tuan le, fpt software academy, LIC=----
 
Tool Versions:
Toolchain:       MDK-Lite  Version: 5.29.0.0
Toolchain Path:  C:\Keil_v5\ARM\ARMCC\Bin
C Compiler:      Armcc.exe V5.06 update 6 (build 750)
Assembler:       Armasm.exe V5.06 update 6 (build 750)
Linker/Locator:  ArmLink.exe V5.06 update 6 (build 750)
Library Manager: ArmAr.exe V5.06 update 6 (build 750)
Hex Converter:   FromElf.exe V5.06 update 6 (build 750)
CPU DLL:         SARMCM3.DLL V5.29.0.0
Dialog DLL:      DCM.DLL V1.17.3.0
Target DLL:      STLink\ST-LINKIII-KEIL_SWO.dll V3.0.7.0
Dialog DLL:      TCM.DLL V1.36.5.0
 
<h2>Project:</h2>
C:\Users\Admins\OneDrive\Desktop\TrainningEmbedded\_STM32F411E_AudioProject\STM32F411_SPL_FreeRTOS_Audio_USB\Project\MDK-ARM\Project.uvprojx
Project File Date:  04/10/2024

<h2>Output:</h2>
*** Using Compiler 'V5.06 update 6 (build 750)', folder: 'C:\Keil_v5\ARM\ARMCC\Bin'
Rebuild target 'STM32F411xE'
assembling startup_stm32f411xe.s...
compiling stm32f4xx_it.c...
compiling user_interrupt.c...
compiling main.c...
compiling user_function.c...
compiling system_stm32f4xx.c...
compiling common.c...
compiling misc.c...
compiling stm32f4xx_adc.c...
compiling stm32f4xx_can.c...
compiling stm32f4xx_cec.c...
compiling stm32f4xx_crc.c...
compiling stm32f4xx_cryp.c...
compiling stm32f4xx_cryp_des.c...
compiling stm32f4xx_cryp_aes.c...
compiling stm32f4xx_cryp_tdes.c...
compiling stm32f4xx_dac.c...
compiling stm32f4xx_dbgmcu.c...
compiling stm32f4xx_dcmi.c...
compiling stm32f4xx_dfsdm.c...
compiling stm32f4xx_dma.c...
compiling stm32f4xx_dma2d.c...
compiling stm32f4xx_dsi.c...
compiling stm32f4xx_exti.c...
compiling stm32f4xx_flash.c...
compiling stm32f4xx_flash_ramfunc.c...
compiling stm32f4xx_fmpi2c.c...
compiling stm32f4xx_hash.c...
compiling stm32f4xx_gpio.c...
compiling stm32f4xx_hash_md5.c...
compiling stm32f4xx_hash_sha1.c...
compiling stm32f4xx_iwdg.c...
compiling stm32f4xx_i2c.c...
compiling stm32f4xx_lptim.c...
compiling stm32f4xx_ltdc.c...
compiling stm32f4xx_pwr.c...
compiling stm32f4xx_qspi.c...
compiling stm32f4xx_rng.c...
compiling stm32f4xx_rcc.c...
compiling stm32f4xx_rtc.c...
compiling stm32f4xx_sai.c...
compiling stm32f4xx_sdio.c...
compiling stm32f4xx_spdifrx.c...
compiling stm32f4xx_spi.c...
compiling stm32f4xx_syscfg.c...
compiling stm32f4xx_usart.c...
compiling stm32f4xx_tim.c...
compiling stm32f4xx_wwdg.c...
compiling timers.c...
compiling list.c...
compiling queue.c...
compiling heap_4.c...
compiling tasks.c...
compiling port.c...
compiling DelayLED.c...
compiling ModuleLED.c...
compiling ButtonControl.c...
compiling bitstream.c...
compiling buffers.c...
compiling ModuleI3G4250D.c...
compiling dct32.c...
compiling dequant.c...
compiling dqchan.c...
..\..\Libraries\MP3_Module\src\dqchan.c(248): warning:  #550-D: variable "cbStartL"  was set but never used
  	int cbEndL, cbStartS, cbEndS, cbStartL;
..\..\Libraries\MP3_Module\src\dqchan.c: 1 warning, 0 errors
compiling huffman.c...
..\..\Libraries\MP3_Module\src\huffman.c(386): warning:  #550-D: variable "sfi"  was set but never used
  	ScaleFactorInfo *sfi;
..\..\Libraries\MP3_Module\src\huffman.c: 1 warning, 0 errors
compiling hufftabs.c...
compiling Audio.c...
compiling mp3dec.c...
..\..\Libraries\MP3_Module\src\mp3dec.c(166): warning:  #111-D: statement is unreachable
  	return -1;
..\..\Libraries\MP3_Module\src\mp3dec.c: 1 warning, 0 errors
compiling mp3tabs.c...
compiling imdct.c...
compiling scalfact.c...
..\..\Libraries\MP3_Module\src\scalfact.c(211): warning:  #550-D: variable "iipTest"  was set but never used
  	int i, sfb, sfcIdx, btIdx, nrIdx, iipTest;
..\..\Libraries\MP3_Module\src\scalfact.c: 1 warning, 0 errors
compiling stproc.c...
compiling polyphase.c...
compiling trigtabs_fixpt.c...
compiling subband.c...
..\..\Libraries\MP3_Module\src\subband.c(63): warning:  #550-D: variable "hi"  was set but never used
  	HuffmanInfo *hi;
..\..\Libraries\MP3_Module\src\subband.c: 1 warning, 0 errors
compiling mp3.c...
compiling fattime.c...
compiling ccsbcs.c...
compiling ff.c...
compiling usb_bsp.c...
compiling usb_core.c...
compiling usb_hcd.c...
compiling usb_hcd_int.c...
compiling USB_Requirement.c...
compiling USB_USART.c...
compiling usbh_core.c...
compiling usbh_hcs.c...
compiling usbh_ioreq.c...
compiling usbh_msc_bot.c...
compiling usbh_msc_core.c...
compiling usbh_msc_fatfs.c...
compiling usbh_stdreq.c...
compiling usbh_msc_scsi.c...
compiling usbh_usr.c...
linking...
Program Size: Code=9648 RO-data=440 RW-data=388 ZI-data=78172  
"STM32F411xE\STM32F411xE.axf" - 0 Error(s), 5 Warning(s).

<h2>Software Packages used:</h2>

Package Vendor: ARM
                http://www.keil.com/pack/ARM.CMSIS.5.6.0.pack
                ARM.CMSIS.5.6.0
                CMSIS (Cortex Microcontroller Software Interface Standard)
   * Component: CORE Version: 5.3.0

Package Vendor: Keil
                https://www.keil.com/pack/Keil.STM32F4xx_DFP.2.17.1.pack
                Keil.STM32F4xx_DFP.2.17.1
                STMicroelectronics STM32F4 Series Device Support, Drivers and Examples

<h2>Collection of Component include folders:</h2>
  .\RTE\_STM32F411xE
  C:\Users\Admins\AppData\Local\Arm\Packs\ARM\CMSIS\5.6.0\CMSIS\Core\Include
  C:\Users\Admins\AppData\Local\Arm\Packs\Keil\STM32F4xx_DFP\2.17.1\Drivers\CMSIS\Device\ST\STM32F4xx\Include

<h2>Collection of Component Files used:</h2>

   * Component: ARM::CMSIS:CORE:5.3.0
Build Time Elapsed:  00:00:19
</pre>
</body>
</html>
