Component: ARM Compiler 5.06 update 6 (build 750) Tool: armlink [4d35ed]

==============================================================================

Section Cross References

    main.o(i.Task0_Init) refers to audio.o(i.InitializeAudio) for InitializeAudio
    main.o(i.Task0_Init) refers to audio.o(i.SetAudioVolume) for SetAudioVolume
    main.o(i.Task0_Init) refers to stm32f4xx_gpio.o(i.GPIO_SetBits) for GPIO_SetBits
    main.o(i.Task0_Init) refers to tasks.o(i.vTaskDelay) for vTaskDelay
    main.o(i.Task0_Init) refers to stm32f4xx_gpio.o(i.GPIO_ResetBits) for GPIO_ResetBits
    main.o(i.Task0_Init) refers to tasks.o(i.vTaskDelete) for vTaskDelete
    main.o(i.Task0_Init) refers to audio.o(.data) for soundVolume
    main.o(i.Task0_Init) refers to user_interrupt.o(.data) for VariableMode
    main.o(i.Task0_Init) refers to main.o(.data) for .data
    main.o(i.Task1_Led) refers to stm32f4xx_gpio.o(i.GPIO_SetBits) for GPIO_SetBits
    main.o(i.Task1_Led) refers to tasks.o(i.vTaskDelay) for vTaskDelay
    main.o(i.Task1_Led) refers to stm32f4xx_gpio.o(i.GPIO_ResetBits) for GPIO_ResetBits
    main.o(i.Task1_Led) refers to user_interrupt.o(.data) for VariableMode
    main.o(i.Task2_SenSor) refers to user_function.o(i.USER_GetMotionSensor) for USER_GetMotionSensor
    main.o(i.Task2_SenSor) refers to tasks.o(i.vTaskDelay) for vTaskDelay
    main.o(i.Task3_USB) refers to tasks.o(i.vTaskDelay) for vTaskDelay
    main.o(i.Task3_USB) refers to user_interrupt.o(.data) for VariableMode
    main.o(i.Task3_USB) refers to user_function.o(.data) for USER_MotionSensor
    main.o(i.Task4_Button) refers to user_function.o(i.USER_GetStateButton) for USER_GetStateButton
    main.o(i.Task4_Button) refers to tasks.o(i.vTaskDelay) for vTaskDelay
    main.o(i.Task5_Audio) refers to tasks.o(i.vTaskDelay) for vTaskDelay
    main.o(i.Task6_Alarm) refers to user_function.o(i.USER_SoundButton) for USER_SoundButton
    main.o(i.Task6_Alarm) refers to tasks.o(i.vTaskDelay) for vTaskDelay
    main.o(i.main) refers to moduleled.o(i.Init_LED) for Init_LED
    main.o(i.main) refers to delayled.o(i.Init_timerDelay) for Init_timerDelay
    main.o(i.main) refers to buttoncontrol.o(i.Button_init) for Button_init
    main.o(i.main) refers to modulei3g4250d.o(i.I3G4250D_Init) for I3G4250D_Init
    main.o(i.main) refers to tasks.o(i.xTaskCreate) for xTaskCreate
    main.o(i.main) refers to tasks.o(i.vTaskStartScheduler) for vTaskStartScheduler
    main.o(i.main) refers to user_interrupt.o(.bss) for USER_Interrupt
    main.o(i.main) refers to main.o(.data) for .data
    main.o(i.main) refers to main.o(i.Task0_Init) for Task0_Init
    main.o(i.main) refers to main.o(i.Task1_Led) for Task1_Led
    main.o(i.main) refers to main.o(i.Task2_SenSor) for Task2_SenSor
    main.o(i.main) refers to main.o(i.Task3_USB) for Task3_USB
    main.o(i.main) refers to main.o(i.Task4_Button) for Task4_Button
    main.o(i.main) refers to main.o(i.Task5_Audio) for Task5_Audio
    main.o(i.main) refers to main.o(i.Task6_Alarm) for Task6_Alarm
    startup_stm32f411xe.o(RESET) refers to startup_stm32f411xe.o(STACK) for __initial_sp
    startup_stm32f411xe.o(RESET) refers to startup_stm32f411xe.o(.text) for Reset_Handler
    startup_stm32f411xe.o(RESET) refers to stm32f4xx_it.o(i.NMI_Handler) for NMI_Handler
    startup_stm32f411xe.o(RESET) refers to stm32f4xx_it.o(i.HardFault_Handler) for HardFault_Handler
    startup_stm32f411xe.o(RESET) refers to stm32f4xx_it.o(i.MemManage_Handler) for MemManage_Handler
    startup_stm32f411xe.o(RESET) refers to stm32f4xx_it.o(i.BusFault_Handler) for BusFault_Handler
    startup_stm32f411xe.o(RESET) refers to stm32f4xx_it.o(i.UsageFault_Handler) for UsageFault_Handler
    startup_stm32f411xe.o(RESET) refers to port.o(.emb_text) for SVC_Handler
    startup_stm32f411xe.o(RESET) refers to stm32f4xx_it.o(i.DebugMon_Handler) for DebugMon_Handler
    startup_stm32f411xe.o(RESET) refers to port.o(i.SysTick_Handler) for SysTick_Handler
    startup_stm32f411xe.o(RESET) refers to user_interrupt.o(i.EXTI0_IRQHandler) for EXTI0_IRQHandler
    startup_stm32f411xe.o(RESET) refers to user_interrupt.o(i.TIM2_IRQHandler) for TIM2_IRQHandler
    startup_stm32f411xe.o(RESET) refers to audio.o(i.DMA1_Stream7_IRQHandler) for DMA1_Stream7_IRQHandler
    startup_stm32f411xe.o(.text) refers to system_stm32f4xx.o(i.SystemInit) for SystemInit
    startup_stm32f411xe.o(.text) refers to entry.o(.ARM.Collect$$$$00000000) for __main
    user_interrupt.o(i.EXTI0_IRQHandler) refers to stm32f4xx_exti.o(i.EXTI_GetITStatus) for EXTI_GetITStatus
    user_interrupt.o(i.EXTI0_IRQHandler) refers to stm32f4xx_exti.o(i.EXTI_ClearITPendingBit) for EXTI_ClearITPendingBit
    user_interrupt.o(i.EXTI0_IRQHandler) refers to user_interrupt.o(.bss) for .bss
    user_interrupt.o(i.TIM2_IRQHandler) refers to stm32f4xx_tim.o(i.TIM_GetITStatus) for TIM_GetITStatus
    user_interrupt.o(i.TIM2_IRQHandler) refers to stm32f4xx_tim.o(i.TIM_ClearITPendingBit) for TIM_ClearITPendingBit
[...]
    ../clib/microlib/init/entry.s            0x00000000   Number         0  entry.o ABSOLUTE
    ../clib/microlib/init/entry.s            0x00000000   Number         0  entry10a.o ABSOLUTE
    ../clib/microlib/init/entry.s            0x00000000   Number         0  entry10b.o ABSOLUTE
    ../clib/microlib/init/entry.s            0x00000000   Number         0  entry7b.o ABSOLUTE
    ../clib/microlib/init/entry.s            0x00000000   Number         0  entry7a.o ABSOLUTE
    ../clib/microlib/init/entry.s            0x00000000   Number         0  entry5.o ABSOLUTE
    ../clib/microlib/init/entry.s            0x00000000   Number         0  entry2.o ABSOLUTE
    ../clib/microlib/init/entry.s            0x00000000   Number         0  entry11a.o ABSOLUTE
    ../clib/microlib/longlong.c              0x00000000   Number         0  llsshr.o ABSOLUTE
    ../clib/microlib/longlong.c              0x00000000   Number         0  llshl.o ABSOLUTE
    ../clib/microlib/longlong.c              0x00000000   Number         0  llushr.o ABSOLUTE
    ../clib/microlib/printf/printf.c         0x00000000   Number         0  printfa.o ABSOLUTE
    ../clib/microlib/printf/printf.c         0x00000000   Number         0  printf8.o ABSOLUTE
    ../clib/microlib/printf/printf.c         0x00000000   Number         0  printf0.o ABSOLUTE
    ../clib/microlib/printf/printf.c         0x00000000   Number         0  printf1.o ABSOLUTE
    ../clib/microlib/printf/printf.c         0x00000000   Number         0  printf2.o ABSOLUTE
    ../clib/microlib/printf/printf.c         0x00000000   Number         0  printf3.o ABSOLUTE
    ../clib/microlib/printf/printf.c         0x00000000   Number         0  printf4.o ABSOLUTE
    ../clib/microlib/printf/printf.c         0x00000000   Number         0  printfb.o ABSOLUTE
    ../clib/microlib/printf/printf.c         0x00000000   Number         0  printf6.o ABSOLUTE
    ../clib/microlib/printf/printf.c         0x00000000   Number         0  printf5.o ABSOLUTE
    ../clib/microlib/printf/printf.c         0x00000000   Number         0  printf7.o ABSOLUTE
    ../clib/microlib/printf/stubs.s          0x00000000   Number         0  stubs.o ABSOLUTE
    ../clib/microlib/stdio/fputc.c           0x00000000   Number         0  fputc.o ABSOLUTE
    ../clib/microlib/stdio/semi.s            0x00000000   Number         0  semi.o ABSOLUTE
    ../clib/microlib/stdio/streams.c         0x00000000   Number         0  stdout.o ABSOLUTE
    ../clib/microlib/string/memcpy.c         0x00000000   Number         0  memcpya.o ABSOLUTE
    ../clib/microlib/string/memcpy.c         0x00000000   Number         0  memmovea.o ABSOLUTE
    ../clib/microlib/string/memcpy.c         0x00000000   Number         0  memmoveb.o ABSOLUTE
    ../clib/microlib/string/memcpy.c         0x00000000   Number         0  memcpyb.o ABSOLUTE
    ../clib/microlib/string/memset.c         0x00000000   Number         0  memseta.o ABSOLUTE
    ../clib/microlib/string/strcmp.c         0x00000000   Number         0  strcmp.o ABSOLUTE
    ../clib/microlib/string/strncmp.c        0x00000000   Number         0  strncmp.o ABSOLUTE
    ../clib/microlib/string/strrchr.c        0x00000000   Number         0  strrchr.o ABSOLUTE
    ../clib/microlib/stubs.s                 0x00000000   Number         0  iusefp.o ABSOLUTE
    ../clib/microlib/stubs.s                 0x00000000   Number         0  iusesemip.o ABSOLUTE
    ../fplib/microlib/fpadd.c                0x00000000   Number         0  dadd.o ABSOLUTE
    ../fplib/microlib/fpdiv.c                0x00000000   Number         0  ddiv.o ABSOLUTE
    ../fplib/microlib/fpepilogue.c           0x00000000   Number         0  depilogue.o ABSOLUTE
    ../fplib/microlib/fpfix.c                0x00000000   Number         0  dfixul.o ABSOLUTE
    ../fplib/microlib/fpmul.c                0x00000000   Number         0  dmul.o ABSOLUTE
    ../main.c                                0x00000000   Number         0  main.o ABSOLUTE
    ../stm32f4xx_it.c                        0x00000000   Number         0  stm32f4xx_it.o ABSOLUTE
    ../system_stm32f4xx.c                    0x00000000   Number         0  system_stm32f4xx.o ABSOLUTE
    ..\..\Libraries\MP3_Module\src\Audio.c   0x00000000   Number         0  audio.o ABSOLUTE
    ..\..\Libraries\MP3_Module\src\bitstream.c 0x00000000   Number         0  bitstream.o ABSOLUTE
    ..\..\Libraries\MP3_Module\src\buffers.c 0x00000000   Number         0  buffers.o ABSOLUTE
    ..\..\Libraries\MP3_Module\src\dct32.c   0x00000000   Number         0  dct32.o ABSOLUTE
    ..\..\Libraries\MP3_Module\src\dequant.c 0x00000000   Number         0  dequant.o ABSOLUTE
    ..\..\Libraries\MP3_Module\src\dqchan.c  0x00000000   Number         0  dqchan.o ABSOLUTE
    ..\..\Libraries\MP3_Module\src\huffman.c 0x00000000   Number         0  huffman.o ABSOLUTE
    ..\..\Libraries\MP3_Module\src\hufftabs.c 0x00000000   Number         0  hufftabs.o ABSOLUTE
    ..\..\Libraries\MP3_Module\src\imdct.c   0x00000000   Number         0  imdct.o ABSOLUTE
    ..\..\Libraries\MP3_Module\src\mp3.c     0x00000000   Number         0  mp3.o ABSOLUTE
    ..\..\Libraries\MP3_Module\src\mp3dec.c  0x00000000   Number         0  mp3dec.o ABSOLUTE
    ..\..\Libraries\MP3_Module\src\mp3tabs.c 0x00000000   Number         0  mp3tabs.o ABSOLUTE
    ..\..\Libraries\MP3_Module\src\polyphase.c 0x00000000   Number         0  polyphase.o ABSOLUTE
    ..\..\Libraries\MP3_Module\src\scalfact.c 0x00000000   Number         0  scalfact.o ABSOLUTE
    ..\..\Libraries\MP3_Module\src\stproc.c  0x00000000   Number         0  stproc.o ABSOLUTE
    ..\..\Libraries\MP3_Module\src\subband.c 0x00000000   Number         0  subband.o ABSOLUTE
    ..\..\Libraries\MP3_Module\src\trigtabs_fixpt.c 0x00000000   Number         0  trigtabs_fixpt.o ABSOLUTE
    ..\..\Libraries\STM32F4xx_StdPeriph_Driver\src\misc.c 0x00000000   Number         0  misc.o ABSOLUTE
    ..\..\Libraries\STM32F4xx_StdPeriph_Driver\src\stm32f4xx_adc.c 0x00000000   Number         0  stm32f4xx_adc.o ABSOLUTE
    ..\..\Libraries\STM32F4xx_StdPeriph_Driver\src\stm32f4xx_can.c 0x00000000   Number         0  stm32f4xx_can.o ABSOLUTE
    ..\..\Libraries\STM32F4xx_StdPeriph_Driver\src\stm32f4xx_cec.c 0x00000000   Number         0  stm32f4xx_cec.o ABSOLUTE
    ..\..\Libraries\STM32F4xx_StdPeriph_Driver\src\stm32f4xx_crc.c 0x00000000   Number         0  stm32f4xx_crc.o ABSOLUTE
    ..\..\Libraries\STM32F4xx_StdPeriph_Driver\src\stm32f4xx_cryp.c 0x00000000   Number         0  stm32f4xx_cryp.o ABSOLUTE
    ..\..\Libraries\STM32F4xx_StdPeriph_Driver\src\stm32f4xx_cryp_aes.c 0x00000000   Number         0  stm32f4xx_cryp_aes.o ABSOLUTE
    ..\..\Libraries\STM32F4xx_StdPeriph_Driver\src\stm32f4xx_cryp_des.c 0x00000000   Number         0  stm32f4xx_cryp_des.o ABSOLUTE
    ..\..\Libraries\STM32F4xx_StdPeriph_Driver\src\stm32f4xx_cryp_tdes.c 0x00000000   Number         0  stm32f4xx_cryp_tdes.o ABSOLUTE
    ..\..\Libraries\STM32F4xx_StdPeriph_Driver\src\stm32f4xx_dac.c 0x00000000   Number         0  stm32f4xx_dac.o ABSOLUTE
    ..\..\Libraries\STM32F4xx_StdPeriph_Driver\src\stm32f4xx_dbgmcu.c 0x00000000   Number         0  stm32f4xx_dbgmcu.o ABSOLUTE
    ..\..\Libraries\STM32F4xx_StdPeriph_Driver\src\stm32f4xx_dcmi.c 0x00000000   Number         0  stm32f4xx_dcmi.o ABSOLUTE
    ..\..\Libraries\STM32F4xx_StdPeriph_Driver\src\stm32f4xx_dfsdm.c 0x00000000   Number         0  stm32f4xx_dfsdm.o ABSOLUTE
    ..\..\Libraries\STM32F4xx_StdPeriph_Driver\src\stm32f4xx_dma.c 0x00000000   Number         0  stm32f4xx_dma.o ABSOLUTE
    ..\..\Libraries\STM32F4xx_StdPeriph_Driver\src\stm32f4xx_dma2d.c 0x00000000   Number         0  stm32f4xx_dma2d.o ABSOLUTE
    ..\..\Libraries\STM32F4xx_StdPeriph_Driver\src\stm32f4xx_dsi.c 0x00000000   Number         0  stm32f4xx_dsi.o ABSOLUTE
    ..\..\Libraries\STM32F4xx_StdPeriph_Driver\src\stm32f4xx_exti.c 0x00000000   Number         0  stm32f4xx_exti.o ABSOLUTE
    ..\..\Libraries\STM32F4xx_StdPeriph_Driver\src\stm32f4xx_flash.c 0x00000000   Number         0  stm32f4xx_flash.o ABSOLUTE
    ..\..\Libraries\STM32F4xx_StdPeriph_Driver\src\stm32f4xx_flash_ramfunc.c 0x00000000   Number         0  stm32f4xx_flash_ramfunc.o ABSOLUTE
    ..\..\Libraries\STM32F4xx_StdPeriph_Driver\src\stm32f4xx_fmpi2c.c 0x00000000   Number         0  stm32f4xx_fmpi2c.o ABSOLUTE
    ..\..\Libraries\STM32F4xx_StdPeriph_Driver\src\stm32f4xx_gpio.c 0x00000000   Number         0  stm32f4xx_gpio.o ABSOLUTE
    ..\..\Libraries\STM32F4xx_StdPeriph_Driver\src\stm32f4xx_hash.c 0x00000000   Number         0  stm32f4xx_hash.o ABSOLUTE
    ..\..\Libraries\STM32F4xx_StdPeriph_Driver\src\stm32f4xx_hash_md5.c 0x00000000   Number         0  stm32f4xx_hash_md5.o ABSOLUTE
    ..\..\Libraries\STM32F4xx_StdPeriph_Driver\src\stm32f4xx_hash_sha1.c 0x00000000   Number         0  stm32f4xx_hash_sha1.o ABSOLUTE
    ..\..\Libraries\STM32F4xx_StdPeriph_Driver\src\stm32f4xx_i2c.c 0x00000000   Number         0  stm32f4xx_i2c.o ABSOLUTE
    ..\..\Libraries\STM32F4xx_StdPeriph_Driver\src\stm32f4xx_iwdg.c 0x00000000   Number         0  stm32f4xx_iwdg.o ABSOLUTE
    ..\..\Libraries\STM32F4xx_StdPeriph_Driver\src\stm32f4xx_lptim.c 0x00000000   Number         0  stm32f4xx_lptim.o ABSOLUTE
    ..\..\Libraries\STM32F4xx_StdPeriph_Driver\src\stm32f4xx_ltdc.c 0x00000000   Number         0  stm32f4xx_ltdc.o ABSOLUTE
    ..\..\Libraries\STM32F4xx_StdPeriph_Driver\src\stm32f4xx_pwr.c 0x00000000   Number         0  stm32f4xx_pwr.o ABSOLUTE
    ..\..\Libraries\STM32F4xx_StdPeriph_Driver\src\stm32f4xx_qspi.c 0x00000000   Number         0  stm32f4xx_qspi.o ABSOLUTE
    ..\..\Libraries\STM32F4xx_StdPeriph_Driver\src\stm32f4xx_rcc.c 0x00000000   Number         0  stm32f4xx_rcc.o ABSOLUTE
    ..\..\Libraries\STM32F4xx_StdPeriph_Driver\src\stm32f4xx_rng.c 0x00000000   Number         0  stm32f4xx_rng.o ABSOLUTE
    ..\..\Libraries\STM32F4xx_StdPeriph_Driver\src\stm32f4xx_rtc.c 0x00000000   Number         0  stm32f4xx_rtc.o ABSOLUTE
    ..\..\Libraries\STM32F4xx_StdPeriph_Driver\src\stm32f4xx_sai.c 0x00000000   Number         0  stm32f4xx_sai.o ABSOLUTE
    ..\..\Libraries\STM32F4xx_StdPeriph_Driver\src\stm32f4xx_sdio.c 0x00000000   Number         0  stm32f4xx_sdio.o ABSOLUTE
    ..\..\Libraries\STM32F4xx_StdPeriph_Driver\src\stm32f4xx_spdifrx.c 0x00000000   Number         0  stm32f4xx_spdifrx.o ABSOLUTE
    ..\..\Libraries\STM32F4xx_StdPeriph_Driver\src\stm32f4xx_spi.c 0x00000000   Number         0  stm32f4xx_spi.o ABSOLUTE
    ..\..\Libraries\STM32F4xx_StdPeriph_Driver\src\stm32f4xx_syscfg.c 0x00000000   Number         0  stm32f4xx_syscfg.o ABSOLUTE
    ..\..\Libraries\STM32F4xx_StdPeriph_Driver\src\stm32f4xx_tim.c 0x00000000   Number         0  stm32f4xx_tim.o ABSOLUTE
    ..\..\Libraries\STM32F4xx_StdPeriph_Driver\src\stm32f4xx_usart.c 0x00000000   Number         0  stm32f4xx_usart.o ABSOLUTE
    ..\..\Libraries\STM32F4xx_StdPeriph_Driver\src\stm32f4xx_wwdg.c 0x00000000   Number         0  stm32f4xx_wwdg.o ABSOLUTE
    ..\..\Libraries\USB_Module\src\USB_Requirement.c 0x00000000   Number         0  usb_requirement.o ABSOLUTE
    ..\..\Libraries\USB_Module\src\USB_USART.c 0x00000000   Number         0  usb_usart.o ABSOLUTE
    ..\..\Libraries\USB_Module\src\ccsbcs.c  0x00000000   Number         0  ccsbcs.o ABSOLUTE
    ..\..\Libraries\USB_Module\src\fattime.c 0x00000000   Number         0  fattime.o ABSOLUTE
    ..\..\Libraries\USB_Module\src\ff.c      0x00000000   Number         0  ff.o ABSOLUTE
    ..\..\Libraries\USB_Module\src\usb_bsp.c 0x00000000   Number         0  usb_bsp.o ABSOLUTE
    ..\..\Libraries\USB_Module\src\usb_core.c 0x00000000   Number         0  usb_core.o ABSOLUTE
    ..\..\Libraries\USB_Module\src\usb_hcd.c 0x00000000   Number         0  usb_hcd.o ABSOLUTE
    ..\..\Libraries\USB_Module\src\usb_hcd_int.c 0x00000000   Number         0  usb_hcd_int.o ABSOLUTE
    ..\..\Libraries\USB_Module\src\usbh_core.c 0x00000000   Number         0  usbh_core.o ABSOLUTE
    ..\..\Libraries\USB_Module\src\usbh_hcs.c 0x00000000   Number         0  usbh_hcs.o ABSOLUTE
    ..\..\Libraries\USB_Module\src\usbh_ioreq.c 0x00000000   Number         0  usbh_ioreq.o ABSOLUTE
    ..\..\Libraries\USB_Module\src\usbh_msc_bot.c 0x00000000   Number         0  usbh_msc_bot.o ABSOLUTE
    ..\..\Libraries\USB_Module\src\usbh_msc_core.c 0x00000000   Number         0  usbh_msc_core.o ABSOLUTE
    ..\..\Libraries\USB_Module\src\usbh_msc_fatfs.c 0x00000000   Number         0  usbh_msc_fatfs.o ABSOLUTE
    ..\..\Libraries\USB_Module\src\usbh_msc_scsi.c 0x00000000   Number         0  usbh_msc_scsi.o ABSOLUTE
    ..\..\Libraries\USB_Module\src\usbh_stdreq.c 0x00000000   Number         0  usbh_stdreq.o ABSOLUTE
    ..\..\Libraries\USB_Module\src\usbh_usr.c 0x00000000   Number         0  usbh_usr.o ABSOLUTE
    ..\\..\\Libraries\\MP3_Module\\src\\Audio.c 0x00000000   Number         0  audio.o ABSOLUTE
    ..\\..\\Libraries\\MP3_Module\\src\\mp3.c 0x00000000   Number         0  mp3.o ABSOLUTE
    ..\\..\\Libraries\\STM32F4xx_StdPeriph_Driver\\src\\misc.c 0x00000000   Number         0  misc.o ABSOLUTE
    ..\\..\\Libraries\\STM32F4xx_StdPeriph_Driver\\src\\stm32f4xx_adc.c 0x00000000   Number         0  stm32f4xx_adc.o ABSOLUTE
    ..\\..\\Libraries\\STM32F4xx_StdPeriph_Driver\\src\\stm32f4xx_can.c 0x00000000   Number         0  stm32f4xx_can.o ABSOLUTE
    ..\\..\\Libraries\\STM32F4xx_StdPeriph_Driver\\src\\stm32f4xx_cec.c 0x00000000   Number         0  stm32f4xx_cec.o ABSOLUTE
    ..\\..\\Libraries\\STM32F4xx_StdPeriph_Driver\\src\\stm32f4xx_crc.c 0x00000000   Number         0  stm32f4xx_crc.o ABSOLUTE
    ..\\..\\Libraries\\STM32F4xx_StdPeriph_Driver\\src\\stm32f4xx_cryp.c 0x00000000   Number         0  stm32f4xx_cryp.o ABSOLUTE
    ..\\..\\Libraries\\STM32F4xx_StdPeriph_Driver\\src\\stm32f4xx_cryp_aes.c 0x00000000   Number         0  stm32f4xx_cryp_aes.o ABSOLUTE
    ..\\..\\Libraries\\STM32F4xx_StdPeriph_Driver\\src\\stm32f4xx_cryp_des.c 0x00000000   Number         0  stm32f4xx_cryp_des.o ABSOLUTE
    ..\\..\\Libraries\\STM32F4xx_StdPeriph_Driver\\src\\stm32f4xx_cryp_tdes.c 0x00000000   Number         0  stm32f4xx_cryp_tdes.o ABSOLUTE
    ..\\..\\Libraries\\STM32F4xx_StdPeriph_Driver\\src\\stm32f4xx_dac.c 0x00000000   Number         0  stm32f4xx_dac.o ABSOLUTE
    ..\\..\\Libraries\\STM32F4xx_StdPeriph_Driver\\src\\stm32f4xx_dbgmcu.c 0x00000000   Number         0  stm32f4xx_dbgmcu.o ABSOLUTE
    ..\\..\\Libraries\\STM32F4xx_StdPeriph_Driver\\src\\stm32f4xx_dcmi.c 0x00000000   Number         0  stm32f4xx_dcmi.o ABSOLUTE
    ..\\..\\Libraries\\STM32F4xx_StdPeriph_Driver\\src\\stm32f4xx_dfsdm.c 0x00000000   Number         0  stm32f4xx_dfsdm.o ABSOLUTE
    ..\\..\\Libraries\\STM32F4xx_StdPeriph_Driver\\src\\stm32f4xx_dma.c 0x00000000   Number         0  stm32f4xx_dma.o ABSOLUTE
    ..\\..\\Libraries\\STM32F4xx_StdPeriph_Driver\\src\\stm32f4xx_dma2d.c 0x00000000   Number         0  stm32f4xx_dma2d.o ABSOLUTE
    ..\\..\\Libraries\\STM32F4xx_StdPeriph_Driver\\src\\stm32f4xx_dsi.c 0x00000000   Number         0  stm32f4xx_dsi.o ABSOLUTE
    ..\\..\\Libraries\\STM32F4xx_StdPeriph_Driver\\src\\stm32f4xx_exti.c 0x00000000   Number         0  stm32f4xx_exti.o ABSOLUTE
    ..\\..\\Libraries\\STM32F4xx_StdPeriph_Driver\\src\\stm32f4xx_flash.c 0x00000000   Number         0  stm32f4xx_flash.o ABSOLUTE
    ..\\..\\Libraries\\STM32F4xx_StdPeriph_Driver\\src\\stm32f4xx_flash_ramfunc.c 0x00000000   Number         0  stm32f4xx_flash_ramfunc.o ABSOLUTE
    ..\\..\\Libraries\\STM32F4xx_StdPeriph_Driver\\src\\stm32f4xx_fmpi2c.c 0x00000000   Number         0  stm32f4xx_fmpi2c.o ABSOLUTE
    ..\\..\\Libraries\\STM32F4xx_StdPeriph_Driver\\src\\stm32f4xx_gpio.c 0x00000000   Number         0  stm32f4xx_gpio.o ABSOLUTE
    ..\\..\\Libraries\\STM32F4xx_StdPeriph_Driver\\src\\stm32f4xx_hash.c 0x00000000   Number         0  stm32f4xx_hash.o ABSOLUTE
    ..\\..\\Libraries\\STM32F4xx_StdPeriph_Driver\\src\\stm32f4xx_hash_md5.c 0x00000000   Number         0  stm32f4xx_hash_md5.o ABSOLUTE
    ..\\..\\Libraries\\STM32F4xx_StdPeriph_Driver\\src\\stm32f4xx_hash_sha1.c 0x00000000   Number         0  stm32f4xx_hash_sha1.o ABSOLUTE
    ..\\..\\Libraries\\STM32F4xx_StdPeriph_Driver\\src\\stm32f4xx_i2c.c 0x00000000   Number         0  stm32f4xx_i2c.o ABSOLUTE
    ..\\..\\Libraries\\STM32F4xx_StdPeriph_Driver\\src\\stm32f4xx_iwdg.c 0x00000000   Number         0  stm32f4xx_iwdg.o ABSOLUTE
    ..\\..\\Libraries\\STM32F4xx_StdPeriph_Driver\\src\\stm32f4xx_lptim.c 0x00000000   Number         0  stm32f4xx_lptim.o ABSOLUTE
    ..\\..\\Libraries\\STM32F4xx_StdPeriph_Driver\\src\\stm32f4xx_ltdc.c 0x00000000   Number         0  stm32f4xx_ltdc.o ABSOLUTE
    ..\\..\\Libraries\\STM32F4xx_StdPeriph_Driver\\src\\stm32f4xx_pwr.c 0x00000000   Number         0  stm32f4xx_pwr.o ABSOLUTE
    ..\\..\\Libraries\\STM32F4xx_StdPeriph_Driver\\src\\stm32f4xx_qspi.c 0x00000000   Number         0  stm32f4xx_qspi.o ABSOLUTE
    ..\\..\\Libraries\\STM32F4xx_StdPeriph_Driver\\src\\stm32f4xx_rcc.c 0x00000000   Number         0  stm32f4xx_rcc.o ABSOLUTE
    ..\\..\\Libraries\\STM32F4xx_StdPeriph_Driver\\src\\stm32f4xx_rng.c 0x00000000   Number         0  stm32f4xx_rng.o ABSOLUTE
    ..\\..\\Libraries\\STM32F4xx_StdPeriph_Driver\\src\\stm32f4xx_rtc.c 0x00000000   Number         0  stm32f4xx_rtc.o ABSOLUTE
    ..\\..\\Libraries\\STM32F4xx_StdPeriph_Driver\\src\\stm32f4xx_sai.c 0x00000000   Number         0  stm32f4xx_sai.o ABSOLUTE
    ..\\..\\Libraries\\STM32F4xx_StdPeriph_Driver\\src\\stm32f4xx_sdio.c 0x00000000   Number         0  stm32f4xx_sdio.o ABSOLUTE
    ..\\..\\Libraries\\STM32F4xx_StdPeriph_Driver\\src\\stm32f4xx_spdifrx.c 0x00000000   Number         0  stm32f4xx_spdifrx.o ABSOLUTE
    ..\\..\\Libraries\\STM32F4xx_StdPeriph_Driver\\src\\stm32f4xx_spi.c 0x00000000   Number         0  stm32f4xx_spi.o ABSOLUTE
    ..\\..\\Libraries\\STM32F4xx_StdPeriph_Driver\\src\\stm32f4xx_syscfg.c 0x00000000   Number         0  stm32f4xx_syscfg.o ABSOLUTE
    ..\\..\\Libraries\\STM32F4xx_StdPeriph_Driver\\src\\stm32f4xx_tim.c 0x00000000   Number         0  stm32f4xx_tim.o ABSOLUTE
    ..\\..\\Libraries\\STM32F4xx_StdPeriph_Driver\\src\\stm32f4xx_usart.c 0x00000000   Number         0  stm32f4xx_usart.o ABSOLUTE
    ..\\..\\Libraries\\STM32F4xx_StdPeriph_Driver\\src\\stm32f4xx_wwdg.c 0x00000000   Number         0  stm32f4xx_wwdg.o ABSOLUTE
    ..\\..\\Libraries\\USB_Module\\src\\USB_Requirement.c 0x00000000   Number         0  usb_requirement.o ABSOLUTE
    ..\\..\\Libraries\\USB_Module\\src\\USB_USART.c 0x00000000   Number         0  usb_usart.o ABSOLUTE
    ..\\..\\Libraries\\USB_Module\\src\\ccsbcs.c 0x00000000   Number         0  ccsbcs.o ABSOLUTE
    ..\\..\\Libraries\\USB_Module\\src\\fattime.c 0x00000000   Number         0  fattime.o ABSOLUTE
    ..\\..\\Libraries\\USB_Module\\src\\ff.c 0x00000000   Number         0  ff.o ABSOLUTE
    ..\\..\\Libraries\\USB_Module\\src\\usb_bsp.c 0x00000000   Number         0  usb_bsp.o ABSOLUTE
    ..\\..\\Libraries\\USB_Module\\src\\usb_core.c 0x00000000   Number         0  usb_core.o ABSOLUTE
    ..\\..\\Libraries\\USB_Module\\src\\usb_hcd.c 0x00000000   Number         0  usb_hcd.o ABSOLUTE
    ..\\..\\Libraries\\USB_Module\\src\\usb_hcd_int.c 0x00000000   Number         0  usb_hcd_int.o ABSOLUTE
    ..\\..\\Libraries\\USB_Module\\src\\usbh_core.c 0x00000000   Number         0  usbh_core.o ABSOLUTE
    ..\\..\\Libraries\\USB_Module\\src\\usbh_hcs.c 0x00000000   Number         0  usbh_hcs.o ABSOLUTE
    ..\\..\\Libraries\\USB_Module\\src\\usbh_ioreq.c 0x00000000   Number         0  usbh_ioreq.o ABSOLUTE
    ..\\..\\Libraries\\USB_Module\\src\\usbh_msc_bot.c 0x00000000   Number         0  usbh_msc_bot.o ABSOLUTE
    ..\\..\\Libraries\\USB_Module\\src\\usbh_msc_core.c 0x00000000   Number         0  usbh_msc_core.o ABSOLUTE
    ..\\..\\Libraries\\USB_Module\\src\\usbh_msc_fatfs.c 0x00000000   Number         0  usbh_msc_fatfs.o ABSOLUTE
    ..\\..\\Libraries\\USB_Module\\src\\usbh_msc_scsi.c 0x00000000   Number         0  usbh_msc_scsi.o ABSOLUTE
    ..\\..\\Libraries\\USB_Module\\src\\usbh_stdreq.c 0x00000000   Number         0  usbh_stdreq.o ABSOLUTE
    ..\\..\\Libraries\\USB_Module\\src\\usbh_usr.c 0x00000000   Number         0  usbh_usr.o ABSOLUTE
    ..\main.c                                0x00000000   Number         0  main.o ABSOLUTE
    ..\stm32f4xx_it.c                        0x00000000   Number         0  stm32f4xx_it.o ABSOLUTE
    ..\system_stm32f4xx.c                    0x00000000   Number         0  system_stm32f4xx.o ABSOLUTE
    ButtonControl.c                          0x00000000   Number         0  buttoncontrol.o ABSOLUTE
    ButtonControl.c                          0x00000000   Number         0  buttoncontrol.o ABSOLUTE
    DelayLED.c                               0x00000000   Number         0  delayled.o ABSOLUTE
    DelayLED.c                               0x00000000   Number         0  delayled.o ABSOLUTE
    FreeRTOS\\portable\\RVDS\\ARM_CM4F\\port.c 0x00000000   Number         0  port.o ABSOLUTE
    FreeRTOS\list.c                          0x00000000   Number         0  list.o ABSOLUTE
    FreeRTOS\portable\MemMang\heap_4.c       0x00000000   Number         0  heap_4.o ABSOLUTE
    FreeRTOS\portable\RVDS\ARM_CM4F\port.c   0x00000000   Number         0  port.o ABSOLUTE
    FreeRTOS\queue.c                         0x00000000   Number         0  queue.o ABSOLUTE
    FreeRTOS\tasks.c                         0x00000000   Number         0  tasks.o ABSOLUTE
    FreeRTOS\timers.c                        0x00000000   Number         0  timers.o ABSOLUTE
    ModuleI3G4250D.c                         0x00000000   Number         0  modulei3g4250d.o ABSOLUTE
    ModuleI3G4250D.c                         0x00000000   Number         0  modulei3g4250d.o ABSOLUTE
    ModuleLED.c                              0x00000000   Number         0  moduleled.o ABSOLUTE
    ModuleLED.c                              0x00000000   Number         0  moduleled.o ABSOLUTE
    cdrcmple.s                               0x00000000   Number         0  cdrcmple.o ABSOLUTE
    common.c                                 0x00000000   Number         0  common.o ABSOLUTE
    common.c                                 0x00000000   Number         0  common.o ABSOLUTE
    dc.s                                     0x00000000   Number         0  dc.o ABSOLUTE
    handlers.s                               0x00000000   Number         0  handlers.o ABSOLUTE
    init.s                                   0x00000000   Number         0  init.o ABSOLUTE
    startup_stm32f411xe.s                    0x00000000   Number         0  startup_stm32f411xe.o ABSOLUTE
    user_function.c                          0x00000000   Number         0  user_function.o ABSOLUTE
    user_function.c                          0x00000000   Number         0  user_function.o ABSOLUTE
    user_interrupt.c                         0x00000000   Number         0  user_interrupt.o ABSOLUTE
    user_interrupt.c                         0x00000000   Number         0  user_interrupt.o ABSOLUTE
    RESET                                    0x08000000   Section      408  startup_stm32f411xe.o(RESET)
    .ARM.Collect$$$$00000000                 0x08000198   Section        0  entry.o(.ARM.Collect$$$$00000000)
    .ARM.Collect$$$$00000001                 0x08000198   Section        4  entry2.o(.ARM.Collect$$$$00000001)
    .ARM.Collect$$$$00000004                 0x0800019c   Section        4  entry5.o(.ARM.Collect$$$$00000004)
    .ARM.Collect$$$$00000008                 0x080001a0   Section        0  entry7b.o(.ARM.Collect$$$$00000008)
    .ARM.Collect$$$$0000000A                 0x080001a0   Section        0  entry8b.o(.ARM.Collect$$$$0000000A)
    .ARM.Collect$$$$0000000B                 0x080001a0   Section        8  entry9a.o(.ARM.Collect$$$$0000000B)
    .ARM.Collect$$$$0000000D                 0x080001a8   Section        0  entry10a.o(.ARM.Collect$$$$0000000D)
    .ARM.Collect$$$$0000000F                 0x080001a8   Section        0  entry11a.o(.ARM.Collect$$$$0000000F)
    .ARM.Collect$$$$00002712                 0x080001a8   Section        4  entry2.o(.ARM.Collect$$$$00002712)
    __lit__00000000                          0x080001a8   Data           4  entry2.o(.ARM.Collect$$$$00002712)
    .emb_text                                0x080001ac   Section      190  port.o(.emb_text)
    $v0                                      0x080001ac   Number         0  port.o(.emb_text)
    .text                                    0x0800026c   Section       36  startup_stm32f411xe.o(.text)
    $v0                                      0x0800026c   Number         0  startup_stm32f411xe.o(.text)
    .text                                    0x08000290   Section        0  memmovea.o(.text)
    .text                                    0x080002d0   Section        0  memseta.o(.text)
    .text                                    0x080002f4   Section       36  init.o(.text)
    .text                                    0x08000318   Section        0  __dczerorl2.o(.text)
    i.BusFault_Handler                       0x0800036e   Section        0  stm32f4xx_it.o(i.BusFault_Handler)
    i.Button_init                            0x08000370   Section        0  buttoncontrol.o(i.Button_init)
    i.DMA1_Stream7_IRQHandler                0x080003d8   Section        0  audio.o(i.DMA1_Stream7_IRQHandler)
    i.DebugMon_Handler                       0x080003fc   Section        0  stm32f4xx_it.o(i.DebugMon_Handler)
    i.EXTI0_IRQHandler                       0x08000400   Section        0  user_interrupt.o(i.EXTI0_IRQHandler)
    i.EXTI_ClearITPendingBit                 0x08000428   Section        0  stm32f4xx_exti.o(i.EXTI_ClearITPendingBit)
    i.EXTI_GetITStatus                       0x08000434   Section        0  stm32f4xx_exti.o(i.EXTI_GetITStatus)
    i.EXTI_Init                              0x08000448   Section        0  stm32f4xx_exti.o(i.EXTI_Init)
    i.GPIOConfig                             0x080004b8   Section        0  modulei3g4250d.o(i.GPIOConfig)
    i.GPIO_Init                              0x0800054c   Section        0  stm32f4xx_gpio.o(i.GPIO_Init)
    i.GPIO_PinAFConfig                       0x080005ee   Section        0  stm32f4xx_gpio.o(i.GPIO_PinAFConfig)
    i.GPIO_ResetBits                         0x0800060e   Section        0  stm32f4xx_gpio.o(i.GPIO_ResetBits)
    i.GPIO_SetBits                           0x08000612   Section        0  stm32f4xx_gpio.o(i.GPIO_SetBits)
    i.HardFault_Handler                      0x08000616   Section        0  stm32f4xx_it.o(i.HardFault_Handler)
    i.I3G4250D_Init                          0x08000618   Section        0  modulei3g4250d.o(i.I3G4250D_Init)
    i.I3G4250D_Read                          0x08000660   Section        0  modulei3g4250d.o(i.I3G4250D_Read)
    i.Init_LED                               0x08000680   Section        0  moduleled.o(i.Init_LED)
    i.Init_timerDelay                        0x080006b4   Section        0  delayled.o(i.Init_timerDelay)
    i.InitializeAudio                        0x0800070c   Section        0  audio.o(i.InitializeAudio)
    i.MemManage_Handler                      0x0800095c   Section        0  stm32f4xx_it.o(i.MemManage_Handler)
    i.NMI_Handler                            0x0800095e   Section        0  stm32f4xx_it.o(i.NMI_Handler)
    i.NVIC_Init                              0x08000960   Section        0  misc.o(i.NVIC_Init)
    i.OutputAudioSample                      0x080009c4   Section        0  audio.o(i.OutputAudioSample)
    i.RCC_AHB1PeriphClockCmd                 0x080009d8   Section        0  stm32f4xx_rcc.o(i.RCC_AHB1PeriphClockCmd)
    i.RCC_APB1PeriphClockCmd                 0x080009f0   Section        0  stm32f4xx_rcc.o(i.RCC_APB1PeriphClockCmd)
    i.RCC_APB1PeriphResetCmd                 0x08000a08   Section        0  stm32f4xx_rcc.o(i.RCC_APB1PeriphResetCmd)
    i.RCC_APB2PeriphClockCmd                 0x08000a20   Section        0  stm32f4xx_rcc.o(i.RCC_APB2PeriphClockCmd)
    i.SPIConfig                              0x08000a38   Section        0  modulei3g4250d.o(i.SPIConfig)
    i.SPI_Cmd                                0x08000a88   Section        0  stm32f4xx_spi.o(i.SPI_Cmd)
    i.SPI_I2S_GetFlagStatus                  0x08000a9c   Section        0  stm32f4xx_spi.o(i.SPI_I2S_GetFlagStatus)
    i.SPI_I2S_ReceiveData                    0x08000aaa   Section        0  stm32f4xx_spi.o(i.SPI_I2S_ReceiveData)
    i.SPI_I2S_SendData                       0x08000aae   Section        0  stm32f4xx_spi.o(i.SPI_I2S_SendData)
    i.SPI_Init                               0x08000ab2   Section        0  stm32f4xx_spi.o(i.SPI_Init)
    i.SPI_Rx                                 0x08000aec   Section        0  modulei3g4250d.o(i.SPI_Rx)
    i.SPI_Tx                                 0x08000b68   Section        0  modulei3g4250d.o(i.SPI_Tx)
    i.SYSCFG_EXTILineConfig                  0x08000bdc   Section        0  stm32f4xx_syscfg.o(i.SYSCFG_EXTILineConfig)
    i.SetAudioVolume                         0x08000c0c   Section        0  audio.o(i.SetAudioVolume)
    i.SetSysClock                            0x08000c28   Section        0  system_stm32f4xx.o(i.SetSysClock)
    SetSysClock                              0x08000c29   Thumb Code    98  system_stm32f4xx.o(i.SetSysClock)
    i.StartAudioDMAAndRequestBuffers         0x08000c9c   Section        0  audio.o(i.StartAudioDMAAndRequestBuffers)
    i.SysTick_Handler                        0x08000cec   Section        0  port.o(i.SysTick_Handler)
    i.SystemInit                             0x08000d18   Section        0  system_stm32f4xx.o(i.SystemInit)
    i.TIM2_IRQHandler                        0x08000d74   Section        0  user_interrupt.o(i.TIM2_IRQHandler)
    i.TIM_ClearITPendingBit                  0x08000df4   Section        0  stm32f4xx_tim.o(i.TIM_ClearITPendingBit)
    i.TIM_Cmd                                0x08000dfa   Section        0  stm32f4xx_tim.o(i.TIM_Cmd)
    i.TIM_GetITStatus                        0x08000e0e   Section        0  stm32f4xx_tim.o(i.TIM_GetITStatus)
    i.TIM_ITConfig                           0x08000e26   Section        0  stm32f4xx_tim.o(i.TIM_ITConfig)
    i.TIM_TimeBaseInit                       0x08000e38   Section        0  stm32f4xx_tim.o(i.TIM_TimeBaseInit)
    i.Task0_Init                             0x08000eb4   Section        0  main.o(i.Task0_Init)
    Task0_Init                               0x08000eb5   Thumb Code    86  main.o(i.Task0_Init)
    i.Task1_Led                              0x08000f1c   Section        0  main.o(i.Task1_Led)
    Task1_Led                                0x08000f1d   Thumb Code    84  main.o(i.Task1_Led)
    i.Task2_SenSor                           0x08000f78   Section        0  main.o(i.Task2_SenSor)
    Task2_SenSor                             0x08000f79   Thumb Code    12  main.o(i.Task2_SenSor)
    i.Task3_USB                              0x08000f84   Section        0  main.o(i.Task3_USB)
    Task3_USB                                0x08000f85   Thumb Code    48  main.o(i.Task3_USB)
    i.Task4_Button                           0x08000fbc   Section        0  main.o(i.Task4_Button)
    Task4_Button                             0x08000fbd   Thumb Code    12  main.o(i.Task4_Button)
    i.Task5_Audio                            0x08000fc8   Section        0  main.o(i.Task5_Audio)
    Task5_Audio                              0x08000fc9   Thumb Code     8  main.o(i.Task5_Audio)
    i.Task6_Alarm                            0x08000fd0   Section        0  main.o(i.Task6_Alarm)
    Task6_Alarm                              0x08000fd1   Thumb Code    12  main.o(i.Task6_Alarm)
    i.USER_ABS16b                            0x08000fdc   Section        0  user_function.o(i.USER_ABS16b)
    i.USER_DelayMs                           0x08000ff0   Section        0  user_function.o(i.USER_DelayMs)
    i.USER_GetMotionSensor                   0x08001004   Section        0  user_function.o(i.USER_GetMotionSensor)
    i.USER_GetStateButton                    0x08001124   Section        0  user_function.o(i.USER_GetStateButton)
    i.USER_SoundButton                       0x08001194   Section        0  user_function.o(i.USER_SoundButton)
    i.UsageFault_Handler                     0x080011bc   Section        0  stm32f4xx_it.o(i.UsageFault_Handler)
    i.WriteRegister                          0x080011c0   Section        0  audio.o(i.WriteRegister)
    i.__scatterload_copy                     0x08001210   Section       14  handlers.o(i.__scatterload_copy)
    i.__scatterload_null                     0x0800121e   Section        2  handlers.o(i.__scatterload_null)
    i.__scatterload_zeroinit                 0x08001220   Section       14  handlers.o(i.__scatterload_zeroinit)
    i.main                                   0x08001230   Section        0  main.o(i.main)
    i.prvAddCurrentTaskToDelayedList         0x08001358   Section        0  tasks.o(i.prvAddCurrentTaskToDelayedList)
    prvAddCurrentTaskToDelayedList           0x08001359   Thumb Code   128  tasks.o(i.prvAddCurrentTaskToDelayedList)
    i.prvAddNewTaskToReadyList               0x080013e0   Section        0  tasks.o(i.prvAddNewTaskToReadyList)
    prvAddNewTaskToReadyList                 0x080013e1   Thumb Code   228  tasks.o(i.prvAddNewTaskToReadyList)
    i.prvCheckForValidListAndQueue           0x080014d0   Section        0  timers.o(i.prvCheckForValidListAndQueue)
    prvCheckForValidListAndQueue             0x080014d1   Thumb Code    62  timers.o(i.prvCheckForValidListAndQueue)
    i.prvCopyDataFromQueue                   0x08001520   Section        0  queue.o(i.prvCopyDataFromQueue)
    prvCopyDataFromQueue                     0x08001521   Thumb Code    38  queue.o(i.prvCopyDataFromQueue)
    i.prvDeleteTCB                           0x08001546   Section        0  tasks.o(i.prvDeleteTCB)
    prvDeleteTCB                             0x08001547   Thumb Code    20  tasks.o(i.prvDeleteTCB)
    i.prvHeapInit                            0x0800155c   Section        0  heap_4.o(i.prvHeapInit)
    prvHeapInit                              0x0800155d   Thumb Code    60  heap_4.o(i.prvHeapInit)
    i.prvIdleTask                            0x080015a0   Section        0  tasks.o(i.prvIdleTask)
    prvIdleTask                              0x080015a1   Thumb Code    82  tasks.o(i.prvIdleTask)
    i.prvInitialiseNewTask                   0x08001600   Section        0  tasks.o(i.prvInitialiseNewTask)
    prvInitialiseNewTask                     0x08001601   Thumb Code   166  tasks.o(i.prvInitialiseNewTask)
    i.prvInsertBlockIntoFreeList             0x080016a8   Section        0  heap_4.o(i.prvInsertBlockIntoFreeList)
    prvInsertBlockIntoFreeList               0x080016a9   Thumb Code    72  heap_4.o(i.prvInsertBlockIntoFreeList)
    i.prvInsertTimerInActiveList             0x080016f4   Section        0  timers.o(i.prvInsertTimerInActiveList)
    prvInsertTimerInActiveList               0x080016f5   Thumb Code    52  timers.o(i.prvInsertTimerInActiveList)
    i.prvIsQueueEmpty                        0x0800172c   Section        0  queue.o(i.prvIsQueueEmpty)
    prvIsQueueEmpty                          0x0800172d   Thumb Code    28  queue.o(i.prvIsQueueEmpty)
    i.prvProcessExpiredTimer                 0x08001748   Section        0  timers.o(i.prvProcessExpiredTimer)
    prvProcessExpiredTimer                   0x08001749   Thumb Code    58  timers.o(i.prvProcessExpiredTimer)
    i.prvProcessReceivedCommands             0x08001788   Section        0  timers.o(i.prvProcessReceivedCommands)
    prvProcessReceivedCommands               0x08001789   Thumb Code   222  timers.o(i.prvProcessReceivedCommands)
    i.prvProcessTimerOrBlockTask             0x0800186c   Section        0  timers.o(i.prvProcessTimerOrBlockTask)
    prvProcessTimerOrBlockTask               0x0800186d   Thumb Code    98  timers.o(i.prvProcessTimerOrBlockTask)
    i.prvReloadTimer                         0x080018d8   Section        0  timers.o(i.prvReloadTimer)
    prvReloadTimer                           0x080018d9   Thumb Code    40  timers.o(i.prvReloadTimer)
    i.prvResetNextTaskUnblockTime            0x08001900   Section        0  tasks.o(i.prvResetNextTaskUnblockTime)
    prvResetNextTaskUnblockTime              0x08001901   Thumb Code    24  tasks.o(i.prvResetNextTaskUnblockTime)
    i.prvSampleTimeNow                       0x0800191c   Section        0  timers.o(i.prvSampleTimeNow)
    prvSampleTimeNow                         0x0800191d   Thumb Code    66  timers.o(i.prvSampleTimeNow)
    i.prvTaskExitError                       0x08001964   Section        0  port.o(i.prvTaskExitError)
    prvTaskExitError                         0x08001965   Thumb Code    36  port.o(i.prvTaskExitError)
    i.prvTimerTask                           0x0800198c   Section        0  timers.o(i.prvTimerTask)
    prvTimerTask                             0x0800198d   Thumb Code    32  timers.o(i.prvTimerTask)
    i.prvUnlockQueue                         0x080019b0   Section        0  queue.o(i.prvUnlockQueue)
    prvUnlockQueue                           0x080019b1   Thumb Code   106  queue.o(i.prvUnlockQueue)
    i.pvPortMalloc                           0x08001a1c   Section        0  heap_4.o(i.pvPortMalloc)
    i.pxPortInitialiseStack                  0x08001adc   Section        0  port.o(i.pxPortInitialiseStack)
    i.uxListRemove                           0x08001b08   Section        0  list.o(i.uxListRemove)
    i.vListInitialise                        0x08001b2e   Section        0  list.o(i.vListInitialise)
    i.vListInitialiseItem                    0x08001b44   Section        0  list.o(i.vListInitialiseItem)
    i.vListInsert                            0x08001b4a   Section        0  list.o(i.vListInsert)
    i.vListInsertEnd                         0x08001b7a   Section        0  list.o(i.vListInsertEnd)
    i.vPortEnterCritical                     0x08001b94   Section        0  port.o(i.vPortEnterCritical)
    i.vPortExitCritical                      0x08001bd4   Section        0  port.o(i.vPortExitCritical)
    i.vPortFree                              0x08001bfc   Section        0  heap_4.o(i.vPortFree)
    i.vPortSetupTimerInterrupt               0x08001c60   Section        0  port.o(i.vPortSetupTimerInterrupt)
    i.vQueueAddToRegistry                    0x08001c78   Section        0  queue.o(i.vQueueAddToRegistry)
    i.vQueueWaitForMessageRestricted         0x08001cc8   Section        0  queue.o(i.vQueueWaitForMessageRestricted)
    i.vTaskDelay                             0x08001d0c   Section        0  tasks.o(i.vTaskDelay)
    i.vTaskDelete                            0x08001d58   Section        0  tasks.o(i.vTaskDelete)
    i.vTaskInternalSetTimeOutState           0x08001e08   Section        0  tasks.o(i.vTaskInternalSetTimeOutState)
    i.vTaskMissedYield                       0x08001e18   Section        0  tasks.o(i.vTaskMissedYield)
    i.vTaskPlaceOnEventList                  0x08001e24   Section        0  tasks.o(i.vTaskPlaceOnEventList)
    i.vTaskPlaceOnEventListRestricted        0x08001e54   Section        0  tasks.o(i.vTaskPlaceOnEventListRestricted)
    i.vTaskStartScheduler                    0x08001ea4   Section        0  tasks.o(i.vTaskStartScheduler)
    i.vTaskSuspendAll                        0x08001f14   Section        0  tasks.o(i.vTaskSuspendAll)
    i.vTaskSwitchContext                     0x08001f24   Section        0  tasks.o(i.vTaskSwitchContext)
    i.xPortStartScheduler                    0x08001f80   Section        0  port.o(i.xPortStartScheduler)
    i.xQueueGenericCreate                    0x08002074   Section        0  queue.o(i.xQueueGenericCreate)
    i.xQueueGenericReset                     0x080020d4   Section        0  queue.o(i.xQueueGenericReset)
    i.xQueueReceive                          0x08002184   Section        0  queue.o(i.xQueueReceive)
    i.xTaskCheckForTimeOut                   0x080022bc   Section        0  tasks.o(i.xTaskCheckForTimeOut)
    i.xTaskCreate                            0x08002338   Section        0  tasks.o(i.xTaskCreate)
    i.xTaskGetSchedulerState                 0x08002394   Section        0  tasks.o(i.xTaskGetSchedulerState)
    i.xTaskGetTickCount                      0x080023b0   Section        0  tasks.o(i.xTaskGetTickCount)
    i.xTaskIncrementTick                     0x080023bc   Section        0  tasks.o(i.xTaskIncrementTick)
    i.xTaskRemoveFromEventList               0x080024f4   Section        0  tasks.o(i.xTaskRemoveFromEventList)
    i.xTaskResumeAll                         0x080025d0   Section        0  tasks.o(i.xTaskResumeAll)
    i.xTimerCreateTimerTask                  0x080026fc   Section        0  timers.o(i.xTimerCreateTimerTask)
    .data                                    0x20000000   Section       28  main.o(.data)
    .data                                    0x2000001c   Section        2  user_interrupt.o(.data)
    .data                                    0x2000001e   Section        1  user_function.o(.data)
    .data                                    0x2000001f   Section        1  common.o(.data)
    .data                                    0x20000020   Section       20  timers.o(.data)
    xTimerQueue                              0x20000020   Data           4  timers.o(.data)
    xTimerTaskHandle                         0x20000024   Data           4  timers.o(.data)
    xLastTime                                0x20000028   Data           4  timers.o(.data)
    pxCurrentTimerList                       0x2000002c   Data           4  timers.o(.data)
    pxOverflowTimerList                      0x20000030   Data           4  timers.o(.data)
    .data                                    0x20000034   Section       64  tasks.o(.data)
    uxDeletedTasksWaitingCleanUp             0x20000038   Data           4  tasks.o(.data)
    uxCurrentNumberOfTasks                   0x2000003c   Data           4  tasks.o(.data)
    xTickCount                               0x20000040   Data           4  tasks.o(.data)
    uxTopReadyPriority                       0x20000044   Data           4  tasks.o(.data)
    xSchedulerRunning                        0x20000048   Data           4  tasks.o(.data)
    xPendedTicks                             0x2000004c   Data           4  tasks.o(.data)
    xYieldPending                            0x20000050   Data           4  tasks.o(.data)
    xNumOfOverflows                          0x20000054   Data           4  tasks.o(.data)
    uxTaskNumber                             0x20000058   Data           4  tasks.o(.data)
    xNextTaskUnblockTime                     0x2000005c   Data           4  tasks.o(.data)
    xIdleTaskHandle                          0x20000060   Data           4  tasks.o(.data)
    uxSchedulerSuspended                     0x20000068   Data           4  tasks.o(.data)
    pxDelayedTaskList                        0x2000006c   Data           4  tasks.o(.data)
    pxOverflowDelayedTaskList                0x20000070   Data           4  tasks.o(.data)
    .data                                    0x20000074   Section       28  heap_4.o(.data)
    pxEnd                                    0x20000074   Data           4  heap_4.o(.data)
    xFreeBytesRemaining                      0x20000078   Data           4  heap_4.o(.data)
    xMinimumEverFreeBytesRemaining           0x2000007c   Data           4  heap_4.o(.data)
    xNumberOfSuccessfulAllocations           0x20000080   Data           4  heap_4.o(.data)
    xNumberOfSuccessfulFrees                 0x20000084   Data           4  heap_4.o(.data)
    xStart                                   0x20000088   Data           8  heap_4.o(.data)
    .data                                    0x20000090   Section       12  port.o(.data)
    ucMaxSysCallPriority                     0x20000090   Data           1  port.o(.data)
    uxCriticalNesting                        0x20000094   Data           4  port.o(.data)
    ulMaxPRIGROUPValue                       0x20000098   Data           4  port.o(.data)
    .data                                    0x2000009c   Section        3  modulei3g4250d.o(.data)
    .data                                    0x200000a0   Section        8  modulei3g4250d.o(.data)
    GPIOInit                                 0x200000a0   Data           8  modulei3g4250d.o(.data)
    .data                                    0x200000a8   Section        1  audio.o(.data)
    .data                                    0x200000a9   Section      192  audio.o(.data)
    .data                                    0x2000016c   Section       24  audio.o(.data)
    .bss                                     0x20000184   Section       20  user_interrupt.o(.bss)
    .bss                                     0x20000198   Section       40  timers.o(.bss)
    xActiveTimerList1                        0x20000198   Data          20  timers.o(.bss)
    xActiveTimerList2                        0x200001ac   Data          20  timers.o(.bss)
    .bss                                     0x200001c0   Section      200  tasks.o(.bss)
    pxReadyTasksLists                        0x200001c0   Data         100  tasks.o(.bss)
    xDelayedTaskList1                        0x20000224   Data          20  tasks.o(.bss)
    xDelayedTaskList2                        0x20000238   Data          20  tasks.o(.bss)
    xPendingReadyList                        0x2000024c   Data          20  tasks.o(.bss)
    xTasksWaitingTermination                 0x20000260   Data          20  tasks.o(.bss)
    xSuspendedTaskList                       0x20000274   Data          20  tasks.o(.bss)
    .bss                                     0x20000288   Section       64  queue.o(.bss)
    .bss                                     0x200002c8   Section    76800  heap_4.o(.bss)
    ucHeap                                   0x200002c8   Data       76800  heap_4.o(.bss)
    .bss                                     0x20012ec8   Section       18  modulei3g4250d.o(.bss)
    SPIinit                                  0x20012ec8   Data          18  modulei3g4250d.o(.bss)
    STACK                                    0x20012ee0   Section     1024  startup_stm32f411xe.o(STACK)

    Global Symbols

    Symbol Name                              Value     Ov Type        Size  Object(Section)

    BuildAttributes$$THM_ISAv4$E$P$D$K$B$S$7EM$VFPi3$EXTD16$VFPS$VFMA$PE$A:L22UL41UL21$X:L11$S22US41US21$IEEE1$IW$USESV6$~STKCKD$USESV7$~SHL$OSPACE$ROPI$EBA8$MICROLIB$REQ8$PRES8$EABIv2 0x00000000   Number         0  anon$$obj.o ABSOLUTE
    __ARM_use_no_argv                        0x00000000   Number         0  main.o ABSOLUTE
    _printf_a                                0x00000000   Number         0  stubs.o ABSOLUTE
    _printf_c                                0x00000000   Number         0  stubs.o ABSOLUTE
    _printf_charcount                        0x00000000   Number         0  stubs.o ABSOLUTE
    _printf_d                                0x00000000   Number         0  stubs.o ABSOLUTE
    _printf_e                                0x00000000   Number         0  stubs.o ABSOLUTE
    _printf_f                                0x00000000   Number         0  stubs.o ABSOLUTE
    _printf_flags                            0x00000000   Number         0  stubs.o ABSOLUTE
    _printf_fp_dec                           0x00000000   Number         0  stubs.o ABSOLUTE
    _printf_fp_hex                           0x00000000   Number         0  stubs.o ABSOLUTE
    _printf_g                                0x00000000   Number         0  stubs.o ABSOLUTE
    _printf_i                                0x00000000   Number         0  stubs.o ABSOLUTE
    _printf_int_dec                          0x00000000   Number         0  stubs.o ABSOLUTE
    _printf_l                                0x00000000   Number         0  stubs.o ABSOLUTE
    _printf_lc                               0x00000000   Number         0  stubs.o ABSOLUTE
    _printf_ll                               0x00000000   Number         0  stubs.o ABSOLUTE
    _printf_lld                              0x00000000   Number         0  stubs.o ABSOLUTE
    _printf_lli                              0x00000000   Number         0  stubs.o ABSOLUTE
    _printf_llo                              0x00000000   Number         0  stubs.o ABSOLUTE
    _printf_llu                              0x00000000   Number         0  stubs.o ABSOLUTE
    _printf_llx                              0x00000000   Number         0  stubs.o ABSOLUTE
    _printf_longlong_dec                     0x00000000   Number         0  stubs.o ABSOLUTE
    _printf_longlong_hex                     0x00000000   Number         0  stubs.o ABSOLUTE
    _printf_longlong_oct                     0x00000000   Number         0  stubs.o ABSOLUTE
    _printf_ls                               0x00000000   Number         0  stubs.o ABSOLUTE
    _printf_mbtowc                           0x00000000   Number         0  stubs.o ABSOLUTE
    _printf_n                                0x00000000   Number         0  stubs.o ABSOLUTE
    _printf_o                                0x00000000   Number         0  stubs.o ABSOLUTE
    _printf_p                                0x00000000   Number         0  stubs.o ABSOLUTE
    _printf_percent                          0x00000000   Number         0  stubs.o ABSOLUTE
    _printf_pre_padding                      0x00000000   Number         0  stubs.o ABSOLUTE
    _printf_return_value                     0x00000000   Number         0  stubs.o ABSOLUTE
    _printf_s                                0x00000000   Number         0  stubs.o ABSOLUTE
    _printf_sizespec                         0x00000000   Number         0  stubs.o ABSOLUTE
    _printf_str                              0x00000000   Number         0  stubs.o ABSOLUTE
    _printf_truncate_signed                  0x00000000   Number         0  stubs.o ABSOLUTE
    _printf_truncate_unsigned                0x00000000   Number         0  stubs.o ABSOLUTE
    _printf_u                                0x00000000   Number         0  stubs.o ABSOLUTE
    _printf_wc                               0x00000000   Number         0  stubs.o ABSOLUTE
    _printf_wctomb                           0x00000000   Number         0  stubs.o ABSOLUTE
    _printf_widthprec                        0x00000000   Number         0  stubs.o ABSOLUTE
    _printf_x                                0x00000000   Number         0  stubs.o ABSOLUTE
    __cpp_initialize__aeabi_                  - Undefined Weak Reference
    __cxa_finalize                            - Undefined Weak Reference
    _clock_init                               - Undefined Weak Reference
    _microlib_exit                            - Undefined Weak Reference
    __Vectors_Size                           0x00000198   Number         0  startup_stm32f411xe.o ABSOLUTE
    __Vectors                                0x08000000   Data           4  startup_stm32f411xe.o(RESET)
    __Vectors_End                            0x08000198   Data           0  startup_stm32f411xe.o(RESET)
    __main                                   0x08000199   Thumb Code     0  entry.o(.ARM.Collect$$$$00000000)
    _main_stk                                0x08000199   Thumb Code     0  entry2.o(.ARM.Collect$$$$00000001)
    _main_scatterload                        0x0800019d   Thumb Code     0  entry5.o(.ARM.Collect$$$$00000004)
    __main_after_scatterload                 0x080001a1   Thumb Code     0  entry5.o(.ARM.Collect$$$$00000004)
    _main_clock                              0x080001a1   Thumb Code     0  entry7b.o(.ARM.Collect$$$$00000008)
    _main_cpp_init                           0x080001a1   Thumb Code     0  entry8b.o(.ARM.Collect$$$$0000000A)
    _main_init                               0x080001a1   Thumb Code     0  entry9a.o(.ARM.Collect$$$$0000000B)
    __rt_final_cpp                           0x080001a9   Thumb Code     0  entry10a.o(.ARM.Collect$$$$0000000D)
    __rt_final_exit                          0x080001a9   Thumb Code     0  entry11a.o(.ARM.Collect$$$$0000000F)
    SVC_Handler                              0x080001ad   Thumb Code    28  port.o(.emb_text)
    __asm___6_port_c_39a90d8d__prvStartFirstTask 0x080001cd   Thumb Code    36  port.o(.emb_text)
    __asm___6_port_c_39a90d8d__prvEnableVFP  0x080001f5   Thumb Code    16  port.o(.emb_text)
    PendSV_Handler                           0x08000209   Thumb Code    88  port.o(.emb_text)
    vPortGetIPSR                             0x08000265   Thumb Code     6  port.o(.emb_text)
    Reset_Handler                            0x0800026d   Thumb Code     8  startup_stm32f411xe.o(.text)
    ADC_IRQHandler                           0x08000287   Thumb Code     0  startup_stm32f411xe.o(.text)
    DMA1_Stream0_IRQHandler                  0x08000287   Thumb Code     0  startup_stm32f411xe.o(.text)
    DMA1_Stream1_IRQHandler                  0x08000287   Thumb Code     0  startup_stm32f411xe.o(.text)
    DMA1_Stream2_IRQHandler                  0x08000287   Thumb Code     0  startup_stm32f411xe.o(.text)
    DMA1_Stream3_IRQHandler                  0x08000287   Thumb Code     0  startup_stm32f411xe.o(.text)
    DMA1_Stream4_IRQHandler                  0x08000287   Thumb Code     0  startup_stm32f411xe.o(.text)
    DMA1_Stream5_IRQHandler                  0x08000287   Thumb Code     0  startup_stm32f411xe.o(.text)
    DMA1_Stream6_IRQHandler                  0x08000287   Thumb Code     0  startup_stm32f411xe.o(.text)
    DMA2_Stream0_IRQHandler                  0x08000287   Thumb Code     0  startup_stm32f411xe.o(.text)
    DMA2_Stream1_IRQHandler                  0x08000287   Thumb Code     0  startup_stm32f411xe.o(.text)
    DMA2_Stream2_IRQHandler                  0x08000287   Thumb Code     0  startup_stm32f411xe.o(.text)
    DMA2_Stream3_IRQHandler                  0x08000287   Thumb Code     0  startup_stm32f411xe.o(.text)
    DMA2_Stream4_IRQHandler                  0x08000287   Thumb Code     0  startup_stm32f411xe.o(.text)
    DMA2_Stream5_IRQHandler                  0x08000287   Thumb Code     0  startup_stm32f411xe.o(.text)
    DMA2_Stream6_IRQHandler                  0x08000287   Thumb Code     0  startup_stm32f411xe.o(.text)
    DMA2_Stream7_IRQHandler                  0x08000287   Thumb Code     0  startup_stm32f411xe.o(.text)
    EXTI15_10_IRQHandler                     0x08000287   Thumb Code     0  startup_stm32f411xe.o(.text)
    EXTI1_IRQHandler                         0x08000287   Thumb Code     0  startup_stm32f411xe.o(.text)
    EXTI2_IRQHandler                         0x08000287   Thumb Code     0  startup_stm32f411xe.o(.text)
    EXTI3_IRQHandler                         0x08000287   Thumb Code     0  startup_stm32f411xe.o(.text)
    EXTI4_IRQHandler                         0x08000287   Thumb Code     0  startup_stm32f411xe.o(.text)
    EXTI9_5_IRQHandler                       0x08000287   Thumb Code     0  startup_stm32f411xe.o(.text)
    FLASH_IRQHandler                         0x08000287   Thumb Code     0  startup_stm32f411xe.o(.text)
    FPU_IRQHandler                           0x08000287   Thumb Code     0  startup_stm32f411xe.o(.text)
    I2C1_ER_IRQHandler                       0x08000287   Thumb Code     0  startup_stm32f411xe.o(.text)
    I2C1_EV_IRQHandler                       0x08000287   Thumb Code     0  startup_stm32f411xe.o(.text)
    I2C2_ER_IRQHandler                       0x08000287   Thumb Code     0  startup_stm32f411xe.o(.text)
    I2C2_EV_IRQHandler                       0x08000287   Thumb Code     0  startup_stm32f411xe.o(.text)
    I2C3_ER_IRQHandler                       0x08000287   Thumb Code     0  startup_stm32f411xe.o(.text)
    I2C3_EV_IRQHandler                       0x08000287   Thumb Code     0  startup_stm32f411xe.o(.text)
    OTG_FS_IRQHandler                        0x08000287   Thumb Code     0  startup_stm32f411xe.o(.text)
    OTG_FS_WKUP_IRQHandler                   0x08000287   Thumb Code     0  startup_stm32f411xe.o(.text)
    PVD_IRQHandler                           0x08000287   Thumb Code     0  startup_stm32f411xe.o(.text)
    RCC_IRQHandler                           0x08000287   Thumb Code     0  startup_stm32f411xe.o(.text)
    RTC_Alarm_IRQHandler                     0x08000287   Thumb Code     0  startup_stm32f411xe.o(.text)
    RTC_WKUP_IRQHandler                      0x08000287   Thumb Code     0  startup_stm32f411xe.o(.text)
    SDIO_IRQHandler                          0x08000287   Thumb Code     0  startup_stm32f411xe.o(.text)
    SPI1_IRQHandler                          0x08000287   Thumb Code     0  startup_stm32f411xe.o(.text)
    SPI2_IRQHandler                          0x08000287   Thumb Code     0  startup_stm32f411xe.o(.text)
    SPI3_IRQHandler                          0x08000287   Thumb Code     0  startup_stm32f411xe.o(.text)
    SPI4_IRQHandler                          0x08000287   Thumb Code     0  startup_stm32f411xe.o(.text)
    SPI5_IRQHandler                          0x08000287   Thumb Code     0  startup_stm32f411xe.o(.text)
    TAMP_STAMP_IRQHandler                    0x08000287   Thumb Code     0  startup_stm32f411xe.o(.text)
    TIM1_BRK_TIM9_IRQHandler                 0x08000287   Thumb Code     0  startup_stm32f411xe.o(.text)
    TIM1_CC_IRQHandler                       0x08000287   Thumb Code     0  startup_stm32f411xe.o(.text)
    TIM1_TRG_COM_TIM11_IRQHandler            0x08000287   Thumb Code     0  startup_stm32f411xe.o(.text)
    TIM1_UP_TIM10_IRQHandler                 0x08000287   Thumb Code     0  startup_stm32f411xe.o(.text)
    TIM3_IRQHandler                          0x08000287   Thumb Code     0  startup_stm32f411xe.o(.text)
    TIM4_IRQHandler                          0x08000287   Thumb Code     0  startup_stm32f411xe.o(.text)
    TIM5_IRQHandler                          0x08000287   Thumb Code     0  startup_stm32f411xe.o(.text)
    USART1_IRQHandler                        0x08000287   Thumb Code     0  startup_stm32f411xe.o(.text)
    USART2_IRQHandler                        0x08000287   Thumb Code     0  startup_stm32f411xe.o(.text)
    USART6_IRQHandler                        0x08000287   Thumb Code     0  startup_stm32f411xe.o(.text)
    WWDG_IRQHandler                          0x08000287   Thumb Code     0  startup_stm32f411xe.o(.text)
    ___aeabi_memcpy4$move                    0x08000291   Thumb Code     0  memmovea.o(.text)
    ___aeabi_memcpy8$move                    0x08000291   Thumb Code     0  memmovea.o(.text)
    __aeabi_memcpy                           0x08000291   Thumb Code    64  memmovea.o(.text)
    __aeabi_memmove                          0x08000291   Thumb Code     0  memmovea.o(.text)
    __aeabi_memmove4                         0x08000291   Thumb Code     0  memmovea.o(.text)
    __aeabi_memmove8                         0x08000291   Thumb Code     0  memmovea.o(.text)
    __aeabi_memset                           0x080002d1   Thumb Code    14  memseta.o(.text)
    __aeabi_memset4                          0x080002d1   Thumb Code     0  memseta.o(.text)
    __aeabi_memset8                          0x080002d1   Thumb Code     0  memseta.o(.text)
    __aeabi_memclr                           0x080002df   Thumb Code     4  memseta.o(.text)
    __aeabi_memclr4                          0x080002df   Thumb Code     0  memseta.o(.text)
    __aeabi_memclr8                          0x080002df   Thumb Code     0  memseta.o(.text)
    _memset$wrapper                          0x080002e3   Thumb Code    18  memseta.o(.text)
    __scatterload                            0x080002f5   Thumb Code    28  init.o(.text)
    __scatterload_rt2                        0x080002f5   Thumb Code     0  init.o(.text)
    __decompress                             0x08000319   Thumb Code     0  __dczerorl2.o(.text)
    __decompress1                            0x08000319   Thumb Code    86  __dczerorl2.o(.text)
    BusFault_Handler                         0x0800036f   Thumb Code     2  stm32f4xx_it.o(i.BusFault_Handler)
    Button_init                              0x08000371   Thumb Code   100  buttoncontrol.o(i.Button_init)
    DMA1_Stream7_IRQHandler                  0x080003d9   Thumb Code    26  audio.o(i.DMA1_Stream7_IRQHandler)
    DebugMon_Handler                         0x080003fd   Thumb Code     2  stm32f4xx_it.o(i.DebugMon_Handler)
    EXTI0_IRQHandler                         0x08000401   Thumb Code    36  user_interrupt.o(i.EXTI0_IRQHandler)
    EXTI_ClearITPendingBit                   0x08000429   Thumb Code     6  stm32f4xx_exti.o(i.EXTI_ClearITPendingBit)
    EXTI_GetITStatus                         0x08000435   Thumb Code    16  stm32f4xx_exti.o(i.EXTI_GetITStatus)
    EXTI_Init                                0x08000449   Thumb Code   108  stm32f4xx_exti.o(i.EXTI_Init)
    GPIOConfig                               0x080004b9   Thumb Code   132  modulei3g4250d.o(i.GPIOConfig)
    GPIO_Init                                0x0800054d   Thumb Code   162  stm32f4xx_gpio.o(i.GPIO_Init)
    GPIO_PinAFConfig                         0x080005ef   Thumb Code    32  stm32f4xx_gpio.o(i.GPIO_PinAFConfig)
    GPIO_ResetBits                           0x0800060f   Thumb Code     4  stm32f4xx_gpio.o(i.GPIO_ResetBits)
    GPIO_SetBits                             0x08000613   Thumb Code     4  stm32f4xx_gpio.o(i.GPIO_SetBits)
    HardFault_Handler                        0x08000617   Thumb Code     2  stm32f4xx_it.o(i.HardFault_Handler)
    I3G4250D_Init                            0x08000619   Thumb Code    68  modulei3g4250d.o(i.I3G4250D_Init)
    I3G4250D_Read                            0x08000661   Thumb Code    32  modulei3g4250d.o(i.I3G4250D_Read)
    Init_LED                                 0x08000681   Thumb Code    48  moduleled.o(i.Init_LED)
    Init_timerDelay                          0x080006b5   Thumb Code    88  delayled.o(i.Init_timerDelay)
    InitializeAudio                          0x0800070d   Thumb Code   548  audio.o(i.InitializeAudio)
    MemManage_Handler                        0x0800095d   Thumb Code     2  stm32f4xx_it.o(i.MemManage_Handler)
    NMI_Handler                              0x0800095f   Thumb Code     2  stm32f4xx_it.o(i.NMI_Handler)
    NVIC_Init                                0x08000961   Thumb Code    96  misc.o(i.NVIC_Init)
    OutputAudioSample                        0x080009c5   Thumb Code    16  audio.o(i.OutputAudioSample)
    RCC_AHB1PeriphClockCmd                   0x080009d9   Thumb Code    18  stm32f4xx_rcc.o(i.RCC_AHB1PeriphClockCmd)
    RCC_APB1PeriphClockCmd                   0x080009f1   Thumb Code    18  stm32f4xx_rcc.o(i.RCC_APB1PeriphClockCmd)
    RCC_APB1PeriphResetCmd                   0x08000a09   Thumb Code    18  stm32f4xx_rcc.o(i.RCC_APB1PeriphResetCmd)
    RCC_APB2PeriphClockCmd                   0x08000a21   Thumb Code    18  stm32f4xx_rcc.o(i.RCC_APB2PeriphClockCmd)
    SPIConfig                                0x08000a39   Thumb Code    70  modulei3g4250d.o(i.SPIConfig)
    SPI_Cmd                                  0x08000a89   Thumb Code    20  stm32f4xx_spi.o(i.SPI_Cmd)
    SPI_I2S_GetFlagStatus                    0x08000a9d   Thumb Code    14  stm32f4xx_spi.o(i.SPI_I2S_GetFlagStatus)
    SPI_I2S_ReceiveData                      0x08000aab   Thumb Code     4  stm32f4xx_spi.o(i.SPI_I2S_ReceiveData)
    SPI_I2S_SendData                         0x08000aaf   Thumb Code     4  stm32f4xx_spi.o(i.SPI_I2S_SendData)
    SPI_Init                                 0x08000ab3   Thumb Code    56  stm32f4xx_spi.o(i.SPI_Init)
    SPI_Rx                                   0x08000aed   Thumb Code   114  modulei3g4250d.o(i.SPI_Rx)
    SPI_Tx                                   0x08000b69   Thumb Code   108  modulei3g4250d.o(i.SPI_Tx)
    SYSCFG_EXTILineConfig                    0x08000bdd   Thumb Code    42  stm32f4xx_syscfg.o(i.SYSCFG_EXTILineConfig)
    SetAudioVolume                           0x08000c0d   Thumb Code    26  audio.o(i.SetAudioVolume)
    StartAudioDMAAndRequestBuffers           0x08000c9d   Thumb Code    64  audio.o(i.StartAudioDMAAndRequestBuffers)
    SysTick_Handler                          0x08000ced   Thumb Code    38  port.o(i.SysTick_Handler)
    SystemInit                               0x08000d19   Thumb Code    74  system_stm32f4xx.o(i.SystemInit)
    TIM2_IRQHandler                          0x08000d75   Thumb Code   116  user_interrupt.o(i.TIM2_IRQHandler)
    TIM_ClearITPendingBit                    0x08000df5   Thumb Code     6  stm32f4xx_tim.o(i.TIM_ClearITPendingBit)
    TIM_Cmd                                  0x08000dfb   Thumb Code    20  stm32f4xx_tim.o(i.TIM_Cmd)
    TIM_GetITStatus                          0x08000e0f   Thumb Code    24  stm32f4xx_tim.o(i.TIM_GetITStatus)
    TIM_ITConfig                             0x08000e27   Thumb Code    16  stm32f4xx_tim.o(i.TIM_ITConfig)
    TIM_TimeBaseInit                         0x08000e39   Thumb Code    96  stm32f4xx_tim.o(i.TIM_TimeBaseInit)
    USER_ABS16b                              0x08000fdd   Thumb Code    20  user_function.o(i.USER_ABS16b)
    USER_DelayMs                             0x08000ff1   Thumb Code    14  user_function.o(i.USER_DelayMs)
    USER_GetMotionSensor                     0x08001005   Thumb Code   276  user_function.o(i.USER_GetMotionSensor)
    USER_GetStateButton                      0x08001125   Thumb Code   100  user_function.o(i.USER_GetStateButton)
    USER_SoundButton                         0x08001195   Thumb Code    32  user_function.o(i.USER_SoundButton)
    UsageFault_Handler                       0x080011bd   Thumb Code     2  stm32f4xx_it.o(i.UsageFault_Handler)
    WriteRegister                            0x080011c1   Thumb Code    74  audio.o(i.WriteRegister)
    __scatterload_copy                       0x08001211   Thumb Code    14  handlers.o(i.__scatterload_copy)
    __scatterload_null                       0x0800121f   Thumb Code     2  handlers.o(i.__scatterload_null)
    __scatterload_zeroinit                   0x08001221   Thumb Code    14  handlers.o(i.__scatterload_zeroinit)
    main                                     0x08001231   Thumb Code   176  main.o(i.main)
    pvPortMalloc                             0x08001a1d   Thumb Code   188  heap_4.o(i.pvPortMalloc)
    pxPortInitialiseStack                    0x08001add   Thumb Code    40  port.o(i.pxPortInitialiseStack)
    uxListRemove                             0x08001b09   Thumb Code    38  list.o(i.uxListRemove)
    vListInitialise                          0x08001b2f   Thumb Code    22  list.o(i.vListInitialise)
    vListInitialiseItem                      0x08001b45   Thumb Code     6  list.o(i.vListInitialiseItem)
    vListInsert                              0x08001b4b   Thumb Code    48  list.o(i.vListInsert)
    vListInsertEnd                           0x08001b7b   Thumb Code    24  list.o(i.vListInsertEnd)
    vPortEnterCritical                       0x08001b95   Thumb Code    54  port.o(i.vPortEnterCritical)
    vPortExitCritical                        0x08001bd5   Thumb Code    34  port.o(i.vPortExitCritical)
    vPortFree                                0x08001bfd   Thumb Code    94  heap_4.o(i.vPortFree)
    vPortSetupTimerInterrupt                 0x08001c61   Thumb Code    20  port.o(i.vPortSetupTimerInterrupt)
    vQueueAddToRegistry                      0x08001c79   Thumb Code    74  queue.o(i.vQueueAddToRegistry)
    vQueueWaitForMessageRestricted           0x08001cc9   Thumb Code    68  queue.o(i.vQueueWaitForMessageRestricted)
    vTaskDelay                               0x08001d0d   Thumb Code    66  tasks.o(i.vTaskDelay)
    vTaskDelete                              0x08001d59   Thumb Code   164  tasks.o(i.vTaskDelete)
    vTaskInternalSetTimeOutState             0x08001e09   Thumb Code    12  tasks.o(i.vTaskInternalSetTimeOutState)
    vTaskMissedYield                         0x08001e19   Thumb Code     8  tasks.o(i.vTaskMissedYield)
    vTaskPlaceOnEventList                    0x08001e25   Thumb Code    44  tasks.o(i.vTaskPlaceOnEventList)
    vTaskPlaceOnEventListRestricted          0x08001e55   Thumb Code    76  tasks.o(i.vTaskPlaceOnEventListRestricted)
    vTaskStartScheduler                      0x08001ea5   Thumb Code    94  tasks.o(i.vTaskStartScheduler)
    vTaskSuspendAll                          0x08001f15   Thumb Code    10  tasks.o(i.vTaskSuspendAll)
    vTaskSwitchContext                       0x08001f25   Thumb Code    82  tasks.o(i.vTaskSwitchContext)
    xPortStartScheduler                      0x08001f81   Thumb Code   222  port.o(i.xPortStartScheduler)
    xQueueGenericCreate                      0x08002075   Thumb Code    94  queue.o(i.xQueueGenericCreate)
    xQueueGenericReset                       0x080020d5   Thumb Code   172  queue.o(i.xQueueGenericReset)
    xQueueReceive                            0x08002185   Thumb Code   308  queue.o(i.xQueueReceive)
    xTaskCheckForTimeOut                     0x080022bd   Thumb Code   118  tasks.o(i.xTaskCheckForTimeOut)
    xTaskCreate                              0x08002339   Thumb Code    92  tasks.o(i.xTaskCreate)
    xTaskGetSchedulerState                   0x08002395   Thumb Code    22  tasks.o(i.xTaskGetSchedulerState)
    xTaskGetTickCount                        0x080023b1   Thumb Code     6  tasks.o(i.xTaskGetTickCount)
    xTaskIncrementTick                       0x080023bd   Thumb Code   304  tasks.o(i.xTaskIncrementTick)
    xTaskRemoveFromEventList                 0x080024f5   Thumb Code   210  tasks.o(i.xTaskRemoveFromEventList)
    xTaskResumeAll                           0x080025d1   Thumb Code   286  tasks.o(i.xTaskResumeAll)
    xTimerCreateTimerTask                    0x080026fd   Thumb Code    58  timers.o(i.xTimerCreateTimerTask)
    Region$$Table$$Base                      0x08002748   Number         0  anon$$obj.o(Region$$Table)
    Region$$Table$$Limit                     0x08002768   Number         0  anon$$obj.o(Region$$Table)
    TASK_Init                                0x20000000   Data           4  main.o(.data)
    TASK_Led                                 0x20000004   Data           4  main.o(.data)
    TASK_Sensor                              0x20000008   Data           4  main.o(.data)
    TASK_USB                                 0x2000000c   Data           4  main.o(.data)
    TASK_Button                              0x20000010   Data           4  main.o(.data)
    TASK_Audio                               0x20000014   Data           4  main.o(.data)
    TASK_Alarm                               0x20000018   Data           4  main.o(.data)
    VariableMode                             0x2000001c   Data           2  user_interrupt.o(.data)
    USER_MotionSensor                        0x2000001e   Data           1  user_function.o(.data)
    State_Button                             0x2000001f   Data           1  common.o(.data)
    pxCurrentTCB                             0x20000034   Data           4  tasks.o(.data)
    uxTopUsedPriority                        0x20000064   Data           4  tasks.o(.data)
    I3G4250D_Data                            0x2000009c   Data           3  modulei3g4250d.o(.data)
    soundVolume                              0x200000a8   Data           1  audio.o(.data)
    beep_sound                               0x200000a9   Data         192  audio.o(.data)
    DMARunning                               0x2000016c   Data           1  audio.o(.data)
    CallbackFunction                         0x20000170   Data           4  audio.o(.data)
    CallbackContext                          0x20000174   Data           4  audio.o(.data)
    NextBufferSamples                        0x20000178   Data           4  audio.o(.data)
    NextBufferLength                         0x2000017c   Data           4  audio.o(.data)
    BufferNumber                             0x20000180   Data           4  audio.o(.data)
    USER_Interrupt                           0x20000184   Data          20  user_interrupt.o(.bss)
    xQueueRegistry                           0x20000288   Data          64  queue.o(.bss)
    __initial_sp                             0x200132e0   Data           0  startup_stm32f411xe.o(STACK)



==============================================================================

Memory Map of the image

  Image Entry point : 0x08000199

  Load Region LR_IROM1 (Base: 0x08000000, Size: 0x000028ec, Max: 0x00080000, ABSOLUTE, COMPRESSED[0x000027f8])

    Execution Region ER_IROM1 (Exec base: 0x08000000, Load base: 0x08000000, Size: 0x00002768, Max: 0x00080000, ABSOLUTE)

    Exec Addr    Load Addr    Size         Type   Attr      Idx    E Section Name        Object

    0x08000000   0x08000000   0x00000198   Data   RO          377    RESET               startup_stm32f411xe.o
    0x08000198   0x08000198   0x00000000   Code   RO         8752  * .ARM.Collect$$$$00000000  mc_w.l(entry.o)
    0x08000198   0x08000198   0x00000004   Code   RO         9034    .ARM.Collect$$$$00000001  mc_w.l(entry2.o)
    0x0800019c   0x0800019c   0x00000004   Code   RO         9037    .ARM.Collect$$$$00000004  mc_w.l(entry5.o)
    0x080001a0   0x080001a0   0x00000000   Code   RO         9039    .ARM.Collect$$$$00000008  mc_w.l(entry7b.o)
    0x080001a0   0x080001a0   0x00000000   Code   RO         9041    .ARM.Collect$$$$0000000A  mc_w.l(entry8b.o)
    0x080001a0   0x080001a0   0x00000008   Code   RO         9042    .ARM.Collect$$$$0000000B  mc_w.l(entry9a.o)
    0x080001a8   0x080001a8   0x00000000   Code   RO         9044    .ARM.Collect$$$$0000000D  mc_w.l(entry10a.o)
    0x080001a8   0x080001a8   0x00000000   Code   RO         9046    .ARM.Collect$$$$0000000F  mc_w.l(entry11a.o)
    0x080001a8   0x080001a8   0x00000004   Code   RO         9035    .ARM.Collect$$$$00002712  mc_w.l(entry2.o)
    0x080001ac   0x080001ac   0x000000be   Code   RO         6293    .emb_text           port.o
    0x0800026a   0x0800026a   0x00000002   PAD
    0x0800026c   0x0800026c   0x00000024   Code   RO          378    .text               startup_stm32f411xe.o
    0x08000290   0x08000290   0x00000040   Code   RO         8759    .text               mc_w.l(memmovea.o)
    0x080002d0   0x080002d0   0x00000024   Code   RO         8761    .text               mc_w.l(memseta.o)
    0x080002f4   0x080002f4   0x00000024   Code   RO         9066    .text               mc_w.l(init.o)
    0x08000318   0x08000318   0x00000056   Code   RO         9084    .text               mc_w.l(__dczerorl2.o)
    0x0800036e   0x0800036e   0x00000002   Code   RO          324    i.BusFault_Handler  stm32f4xx_it.o
    0x08000370   0x08000370   0x00000068   Code   RO         6440    i.Button_init       buttoncontrol.o
    0x080003d8   0x080003d8   0x00000024   Code   RO         6534    i.DMA1_Stream7_IRQHandler  audio.o
    0x080003fc   0x080003fc   0x00000002   Code   RO          325    i.DebugMon_Handler  stm32f4xx_it.o
    0x080003fe   0x080003fe   0x00000002   PAD
    0x08000400   0x08000400   0x00000028   Code   RO          385    i.EXTI0_IRQHandler  user_interrupt.o
    0x08000428   0x08000428   0x0000000c   Code   RO         2024    i.EXTI_ClearITPendingBit  stm32f4xx_exti.o
    0x08000434   0x08000434   0x00000014   Code   RO         2028    i.EXTI_GetITStatus  stm32f4xx_exti.o
    0x08000448   0x08000448   0x00000070   Code   RO         2029    i.EXTI_Init         stm32f4xx_exti.o
    0x080004b8   0x080004b8   0x00000094   Code   RO         6470    i.GPIOConfig        modulei3g4250d.o
    0x0800054c   0x0800054c   0x000000a2   Code   RO         2405    i.GPIO_Init         stm32f4xx_gpio.o
    0x080005ee   0x080005ee   0x00000020   Code   RO         2406    i.GPIO_PinAFConfig  stm32f4xx_gpio.o
    0x0800060e   0x0800060e   0x00000004   Code   RO         2412    i.GPIO_ResetBits    stm32f4xx_gpio.o
    0x08000612   0x08000612   0x00000004   Code   RO         2413    i.GPIO_SetBits      stm32f4xx_gpio.o
    0x08000616   0x08000616   0x00000002   Code   RO          326    i.HardFault_Handler  stm32f4xx_it.o
    0x08000618   0x08000618   0x00000048   Code   RO         6471    i.I3G4250D_Init     modulei3g4250d.o
    0x08000660   0x08000660   0x00000020   Code   RO         6472    i.I3G4250D_Read     modulei3g4250d.o
    0x08000680   0x08000680   0x00000034   Code   RO         6403    i.Init_LED          moduleled.o
    0x080006b4   0x080006b4   0x00000058   Code   RO         6379    i.Init_timerDelay   delayled.o
    0x0800070c   0x0800070c   0x00000250   Code   RO         6535    i.InitializeAudio   audio.o
    0x0800095c   0x0800095c   0x00000002   Code   RO          327    i.MemManage_Handler  stm32f4xx_it.o
    0x0800095e   0x0800095e   0x00000002   Code   RO          328    i.NMI_Handler       stm32f4xx_it.o
    0x08000960   0x08000960   0x00000064   Code   RO          578    i.NVIC_Init         misc.o
    0x080009c4   0x080009c4   0x00000014   Code   RO         6536    i.OutputAudioSample  audio.o
    0x080009d8   0x080009d8   0x00000018   Code   RO         3352    i.RCC_AHB1PeriphClockCmd  stm32f4xx_rcc.o
    0x080009f0   0x080009f0   0x00000018   Code   RO         3358    i.RCC_APB1PeriphClockCmd  stm32f4xx_rcc.o
    0x08000a08   0x08000a08   0x00000018   Code   RO         3360    i.RCC_APB1PeriphResetCmd  stm32f4xx_rcc.o
    0x08000a20   0x08000a20   0x00000018   Code   RO         3361    i.RCC_APB2PeriphClockCmd  stm32f4xx_rcc.o
    0x08000a38   0x08000a38   0x00000050   Code   RO         6473    i.SPIConfig         modulei3g4250d.o
    0x08000a88   0x08000a88   0x00000014   Code   RO         4441    i.SPI_Cmd           stm32f4xx_spi.o
    0x08000a9c   0x08000a9c   0x0000000e   Code   RO         4449    i.SPI_I2S_GetFlagStatus  stm32f4xx_spi.o
    0x08000aaa   0x08000aaa   0x00000004   Code   RO         4452    i.SPI_I2S_ReceiveData  stm32f4xx_spi.o
    0x08000aae   0x08000aae   0x00000004   Code   RO         4453    i.SPI_I2S_SendData  stm32f4xx_spi.o
    0x08000ab2   0x08000ab2   0x00000038   Code   RO         4454    i.SPI_Init          stm32f4xx_spi.o
    0x08000aea   0x08000aea   0x00000002   PAD
    0x08000aec   0x08000aec   0x0000007c   Code   RO         6474    i.SPI_Rx            modulei3g4250d.o
    0x08000b68   0x08000b68   0x00000074   Code   RO         6475    i.SPI_Tx            modulei3g4250d.o
    0x08000bdc   0x08000bdc   0x00000030   Code   RO         4609    i.SYSCFG_EXTILineConfig  stm32f4xx_syscfg.o
    0x08000c0c   0x08000c0c   0x0000001a   Code   RO         6541    i.SetAudioVolume    audio.o
    0x08000c26   0x08000c26   0x00000002   PAD
    0x08000c28   0x08000c28   0x00000074   Code   RO          537    i.SetSysClock       system_stm32f4xx.o
    0x08000c9c   0x08000c9c   0x00000050   Code   RO         6542    i.StartAudioDMAAndRequestBuffers  audio.o
    0x08000cec   0x08000cec   0x0000002c   Code   RO         6294    i.SysTick_Handler   port.o
    0x08000d18   0x08000d18   0x0000005c   Code   RO          539    i.SystemInit        system_stm32f4xx.o
    0x08000d74   0x08000d74   0x00000080   Code   RO          386    i.TIM2_IRQHandler   user_interrupt.o
    0x08000df4   0x08000df4   0x00000006   Code   RO         4675    i.TIM_ClearITPendingBit  stm32f4xx_tim.o
    0x08000dfa   0x08000dfa   0x00000014   Code   RO         4680    i.TIM_Cmd           stm32f4xx_tim.o
    0x08000e0e   0x08000e0e   0x00000018   Code   RO         4701    i.TIM_GetITStatus   stm32f4xx_tim.o
    0x08000e26   0x08000e26   0x00000010   Code   RO         4705    i.TIM_ITConfig      stm32f4xx_tim.o
    0x08000e36   0x08000e36   0x00000002   PAD
    0x08000e38   0x08000e38   0x0000007c   Code   RO         4752    i.TIM_TimeBaseInit  stm32f4xx_tim.o
    0x08000eb4   0x08000eb4   0x00000068   Code   RO            4    i.Task0_Init        main.o
    0x08000f1c   0x08000f1c   0x0000005c   Code   RO            5    i.Task1_Led         main.o
    0x08000f78   0x08000f78   0x0000000c   Code   RO            6    i.Task2_SenSor      main.o
    0x08000f84   0x08000f84   0x00000038   Code   RO            7    i.Task3_USB         main.o
    0x08000fbc   0x08000fbc   0x0000000c   Code   RO            8    i.Task4_Button      main.o
    0x08000fc8   0x08000fc8   0x00000008   Code   RO            9    i.Task5_Audio       main.o
    0x08000fd0   0x08000fd0   0x0000000c   Code   RO           10    i.Task6_Alarm       main.o
    0x08000fdc   0x08000fdc   0x00000014   Code   RO          442    i.USER_ABS16b       user_function.o
    0x08000ff0   0x08000ff0   0x00000014   Code   RO          443    i.USER_DelayMs      user_function.o
    0x08001004   0x08001004   0x00000120   Code   RO          444    i.USER_GetMotionSensor  user_function.o
    0x08001124   0x08001124   0x00000070   Code   RO          445    i.USER_GetStateButton  user_function.o
    0x08001194   0x08001194   0x00000028   Code   RO          446    i.USER_SoundButton  user_function.o
    0x080011bc   0x080011bc   0x00000002   Code   RO          329    i.UsageFault_Handler  stm32f4xx_it.o
    0x080011be   0x080011be   0x00000002   PAD
    0x080011c0   0x080011c0   0x00000050   Code   RO         6545    i.WriteRegister     audio.o
    0x08001210   0x08001210   0x0000000e   Code   RO         9078    i.__scatterload_copy  mc_w.l(handlers.o)
    0x0800121e   0x0800121e   0x00000002   Code   RO         9079    i.__scatterload_null  mc_w.l(handlers.o)
    0x08001220   0x08001220   0x0000000e   Code   RO         9080    i.__scatterload_zeroinit  mc_w.l(handlers.o)
    0x0800122e   0x0800122e   0x00000002   PAD
    0x08001230   0x08001230   0x00000128   Code   RO           11    i.main              main.o
    0x08001358   0x08001358   0x00000088   Code   RO         5640    i.prvAddCurrentTaskToDelayedList  tasks.o
    0x080013e0   0x080013e0   0x000000f0   Code   RO         5641    i.prvAddNewTaskToReadyList  tasks.o
    0x080014d0   0x080014d0   0x00000050   Code   RO         5479    i.prvCheckForValidListAndQueue  timers.o
    0x08001520   0x08001520   0x00000026   Code   RO         6000    i.prvCopyDataFromQueue  queue.o
    0x08001546   0x08001546   0x00000014   Code   RO         5642    i.prvDeleteTCB      tasks.o
    0x0800155a   0x0800155a   0x00000002   PAD
    0x0800155c   0x0800155c   0x00000044   Code   RO         6232    i.prvHeapInit       heap_4.o
    0x080015a0   0x080015a0   0x00000060   Code   RO         5643    i.prvIdleTask       tasks.o
    0x08001600   0x08001600   0x000000a6   Code   RO         5644    i.prvInitialiseNewTask  tasks.o
    0x080016a6   0x080016a6   0x00000002   PAD
    0x080016a8   0x080016a8   0x0000004c   Code   RO         6233    i.prvInsertBlockIntoFreeList  heap_4.o
    0x080016f4   0x080016f4   0x00000038   Code   RO         5480    i.prvInsertTimerInActiveList  timers.o
    0x0800172c   0x0800172c   0x0000001c   Code   RO         6002    i.prvIsQueueEmpty   queue.o
    0x08001748   0x08001748   0x00000040   Code   RO         5481    i.prvProcessExpiredTimer  timers.o
    0x08001788   0x08001788   0x000000e4   Code   RO         5482    i.prvProcessReceivedCommands  timers.o
    0x0800186c   0x0800186c   0x0000006c   Code   RO         5483    i.prvProcessTimerOrBlockTask  timers.o
    0x080018d8   0x080018d8   0x00000028   Code   RO         5484    i.prvReloadTimer    timers.o
    0x08001900   0x08001900   0x0000001c   Code   RO         5646    i.prvResetNextTaskUnblockTime  tasks.o
    0x0800191c   0x0800191c   0x00000048   Code   RO         5485    i.prvSampleTimeNow  timers.o
    0x08001964   0x08001964   0x00000028   Code   RO         6295    i.prvTaskExitError  port.o
    0x0800198c   0x0800198c   0x00000024   Code   RO         5486    i.prvTimerTask      timers.o
    0x080019b0   0x080019b0   0x0000006a   Code   RO         6003    i.prvUnlockQueue    queue.o
    0x08001a1a   0x08001a1a   0x00000002   PAD
    0x08001a1c   0x08001a1c   0x000000c0   Code   RO         6235    i.pvPortMalloc      heap_4.o
    0x08001adc   0x08001adc   0x0000002c   Code   RO         6296    i.pxPortInitialiseStack  port.o
    0x08001b08   0x08001b08   0x00000026   Code   RO         6196    i.uxListRemove      list.o
    0x08001b2e   0x08001b2e   0x00000016   Code   RO         6197    i.vListInitialise   list.o
    0x08001b44   0x08001b44   0x00000006   Code   RO         6198    i.vListInitialiseItem  list.o
    0x08001b4a   0x08001b4a   0x00000030   Code   RO         6199    i.vListInsert       list.o
    0x08001b7a   0x08001b7a   0x00000018   Code   RO         6200    i.vListInsertEnd    list.o
    0x08001b92   0x08001b92   0x00000002   PAD
    0x08001b94   0x08001b94   0x00000040   Code   RO         6298    i.vPortEnterCritical  port.o
    0x08001bd4   0x08001bd4   0x00000028   Code   RO         6299    i.vPortExitCritical  port.o
    0x08001bfc   0x08001bfc   0x00000064   Code   RO         6236    i.vPortFree         heap_4.o
    0x08001c60   0x08001c60   0x00000018   Code   RO         6300    i.vPortSetupTimerInterrupt  port.o
    0x08001c78   0x08001c78   0x00000050   Code   RO         6009    i.vQueueAddToRegistry  queue.o
    0x08001cc8   0x08001cc8   0x00000044   Code   RO         6013    i.vQueueWaitForMessageRestricted  queue.o
    0x08001d0c   0x08001d0c   0x0000004c   Code   RO         5657    i.vTaskDelay        tasks.o
    0x08001d58   0x08001d58   0x000000b0   Code   RO         5658    i.vTaskDelete       tasks.o
    0x08001e08   0x08001e08   0x00000010   Code   RO         5662    i.vTaskInternalSetTimeOutState  tasks.o
    0x08001e18   0x08001e18   0x0000000c   Code   RO         5663    i.vTaskMissedYield  tasks.o
    0x08001e24   0x08001e24   0x00000030   Code   RO         5664    i.vTaskPlaceOnEventList  tasks.o
    0x08001e54   0x08001e54   0x00000050   Code   RO         5665    i.vTaskPlaceOnEventListRestricted  tasks.o
    0x08001ea4   0x08001ea4   0x00000070   Code   RO         5673    i.vTaskStartScheduler  tasks.o
    0x08001f14   0x08001f14   0x00000010   Code   RO         5675    i.vTaskSuspendAll   tasks.o
    0x08001f24   0x08001f24   0x0000005c   Code   RO         5676    i.vTaskSwitchContext  tasks.o
    0x08001f80   0x08001f80   0x000000f4   Code   RO         6302    i.xPortStartScheduler  port.o
    0x08002074   0x08002074   0x0000005e   Code   RO         6016    i.xQueueGenericCreate  queue.o
    0x080020d2   0x080020d2   0x00000002   PAD
    0x080020d4   0x080020d4   0x000000b0   Code   RO         6017    i.xQueueGenericReset  queue.o
    0x08002184   0x08002184   0x00000138   Code   RO         6026    i.xQueueReceive     queue.o
    0x080022bc   0x080022bc   0x0000007c   Code   RO         5678    i.xTaskCheckForTimeOut  tasks.o
    0x08002338   0x08002338   0x0000005c   Code   RO         5679    i.xTaskCreate       tasks.o
    0x08002394   0x08002394   0x0000001c   Code   RO         5686    i.xTaskGetSchedulerState  tasks.o
    0x080023b0   0x080023b0   0x0000000c   Code   RO         5687    i.xTaskGetTickCount  tasks.o
    0x080023bc   0x080023bc   0x00000138   Code   RO         5689    i.xTaskIncrementTick  tasks.o
    0x080024f4   0x080024f4   0x000000dc   Code   RO         5692    i.xTaskRemoveFromEventList  tasks.o
    0x080025d0   0x080025d0   0x0000012c   Code   RO         5693    i.xTaskResumeAll    tasks.o
    0x080026fc   0x080026fc   0x0000004c   Code   RO         5494    i.xTimerCreateTimerTask  timers.o
    0x08002748   0x08002748   0x00000020   Data   RO         9076    Region$$Table       anon$$obj.o


    Execution Region RW_IRAM1 (Exec base: 0x20000000, Load base: 0x08002768, Size: 0x000132e0, Max: 0x00020000, ABSOLUTE, COMPRESSED[0x00000090])

    Exec Addr    Load Addr    Size         Type   Attr      Idx    E Section Name        Object

    0x20000000   COMPRESSED   0x0000001c   Data   RW           17    .data               main.o
    0x2000001c   COMPRESSED   0x00000002   Data   RW          388    .data               user_interrupt.o
    0x2000001e   COMPRESSED   0x00000001   Data   RW          448    .data               user_function.o
    0x2000001f   COMPRESSED   0x00000001   Data   RW          513    .data               common.o
    0x20000020   COMPRESSED   0x00000014   Data   RW         5502    .data               timers.o
    0x20000034   COMPRESSED   0x00000040   Data   RW         5696    .data               tasks.o
    0x20000074   COMPRESSED   0x0000001c   Data   RW         6242    .data               heap_4.o
    0x20000090   COMPRESSED   0x0000000c   Data   RW         6303    .data               port.o
    0x2000009c   COMPRESSED   0x00000003   Data   RW         6477    .data               modulei3g4250d.o
    0x2000009f   COMPRESSED   0x00000001   PAD
    0x200000a0   COMPRESSED   0x00000008   Data   RW         6478    .data               modulei3g4250d.o
    0x200000a8   COMPRESSED   0x00000001   Data   RW         6548    .data               audio.o
    0x200000a9   COMPRESSED   0x000000c0   Data   RW         6549    .data               audio.o
    0x20000169   COMPRESSED   0x00000003   PAD
    0x2000016c   COMPRESSED   0x00000018   Data   RW         6551    .data               audio.o
    0x20000184        -       0x00000014   Zero   RW          387    .bss                user_interrupt.o
    0x20000198        -       0x00000028   Zero   RW         5501    .bss                timers.o
    0x200001c0        -       0x000000c8   Zero   RW         5695    .bss                tasks.o
    0x20000288        -       0x00000040   Zero   RW         6030    .bss                queue.o
    0x200002c8        -       0x00012c00   Zero   RW         6241    .bss                heap_4.o
    0x20012ec8        -       0x00000012   Zero   RW         6476    .bss                modulei3g4250d.o
    0x20012eda   COMPRESSED   0x00000006   PAD
    0x20012ee0        -       0x00000400   Zero   RW          375    STACK               startup_stm32f411xe.o


==============================================================================

Image component sizes


      Code (inc. data)   RO Data    RW Data    ZI Data      Debug   Object Name

       834         80          0        217          0       6960   audio.o
       104          4          0          0          0        698   buttoncontrol.o
         0          0          0          1          0       1132   common.o
        88          0          0          0          0        630   delayled.o
       436         22          0         28      76800       5551   heap_4.o
       138          0          0          0          0       3658   list.o
       592        154          0         28          0     102147   main.o
       100          4          0          0          0       3156   misc.o
       572         48          0         11         18       5859   modulei3g4250d.o
        52          4          0          0          0        567   moduleled.o
       690         72          0         12          0      11480   port.o
       902         14          0          0         64      19387   queue.o
        36          8        408          0       1024        884   startup_stm32f411xe.o
       144         14          0          0          0       5380   stm32f4xx_exti.o
       202          0          0          0          0       9971   stm32f4xx_gpio.o
        12          0          0          0          0       3161   stm32f4xx_it.o
        96         24          0          0          0       2980   stm32f4xx_rcc.o
        98          0          0          0          0      12778   stm32f4xx_spi.o
        48          6          0          0          0        812   stm32f4xx_syscfg.o
       190         28          0          0          0      25517   stm32f4xx_tim.o
       208         36          0          0          0       1657   system_stm32f4xx.o
      2402        160          0         64        200      34874   tasks.o
       760         82          0         20         40      26206   timers.o
       480         38          0          1          0       4759   user_function.o
       168         16          0          2         20     214419   user_interrupt.o

    ----------------------------------------------------------------------
      9374        814        440        388      78172     504623   Object Totals
         0          0         32          0          0          0   (incl. Generated)
        22          0          0          4          6          0   (incl. Padding)

    ----------------------------------------------------------------------

      Code (inc. data)   RO Data    RW Data    ZI Data      Debug   Library Member Name

        86          0          0          0          0          0   __dczerorl2.o
         0          0          0          0          0          0   entry.o
         0          0          0          0          0          0   entry10a.o
         0          0          0          0          0          0   entry11a.o
         8          4          0          0          0          0   entry2.o
         4          0          0          0          0          0   entry5.o
         0          0          0          0          0          0   entry7b.o
         0          0          0          0          0          0   entry8b.o
         8          4          0          0          0          0   entry9a.o
        30          0          0          0          0          0   handlers.o
        36          8          0          0          0         68   init.o
        64          0          0          0          0         76   memmovea.o
        36          0          0          0          0        108   memseta.o

    ----------------------------------------------------------------------
       274         16          0          0          0        252   Library Totals
         2          0          0          0          0          0   (incl. Padding)

    ----------------------------------------------------------------------

      Code (inc. data)   RO Data    RW Data    ZI Data      Debug   Library Name

       272         16          0          0          0        252   mc_w.l

    ----------------------------------------------------------------------
       274         16          0          0          0        252   Library Totals

    ----------------------------------------------------------------------

==============================================================================


      Code (inc. data)   RO Data    RW Data    ZI Data      Debug   

      9648        830        440        388      78172     494107   Grand Totals
      9648        830        440        144      78172     494107   ELF Image Totals (compressed)
      9648        830        440        144          0          0   ROM Totals

==============================================================================

    Total RO  Size (Code + RO Data)                10088 (   9.85kB)
    Total RW  Size (RW Data + ZI Data)             78560 (  76.72kB)
    Total ROM Size (Code + RO Data + RW Data)      10232 (   9.99kB)

==============================================================================

