###############################################################################
#
# IAR ELF Linker V8.40.1.212/W32 for ARM                  06/Jul/2023  22:26:16
# Copyright 2007-2019 IAR Systems AB.
#
#    Output file  =
#        C:\Users\HP\Documents\Driver_STM32\Driver
#        STM32F1\Debug\Exe\Driver_CEM.out
#    Map file     =
#        C:\Users\HP\Documents\Driver_STM32\Driver
#        STM32F1\Debug\List\Driver_CEM.map
#    Command line =
#        -f C:\Users\HP\AppData\Local\Temp\EW45BD.tmp
#        ("C:\Users\HP\Documents\Driver_STM32\Driver
#        STM32F1\Debug\Obj\spi_test.o"
#        "C:\Users\HP\Documents\Driver_STM32\Driver
#        STM32F1\Debug\Obj\stm32_gpio.o"
#        "C:\Users\HP\Documents\Driver_STM32\Driver
#        STM32F1\Debug\Obj\stm32_i2c.o"
#        "C:\Users\HP\Documents\Driver_STM32\Driver
#        STM32F1\Debug\Obj\stm32_rcc.o"
#        "C:\Users\HP\Documents\Driver_STM32\Driver
#        STM32F1\Debug\Obj\stm32_spi.o"
#        "C:\Users\HP\Documents\Driver_STM32\Driver
#        STM32F1\Debug\Obj\stm32_uart.o" --no_out_extension -o
#        "C:\Users\HP\Documents\Driver_STM32\Driver
#        STM32F1\Debug\Exe\Driver_CEM.out" --map
#        "C:\Users\HP\Documents\Driver_STM32\Driver
#        STM32F1\Debug\List\Driver_CEM.map" --config "C:\Program Files
#        (x86)\IAR Systems\Embedded Workbench
#        8.3\arm\config\linker\ST\stm32f103x8.icf" --semihosting --entry
#        __iar_program_start --vfe --text_out locale)
#
###############################################################################

*******************************************************************************
*** RUNTIME MODEL ATTRIBUTES
***

CppFlavor       = *
__SystemLibrary = DLib
__dlib_version  = 6


*******************************************************************************
*** HEAP SELECTION
***

The basic heap was selected because no calls to memory allocation
functions were found in the application outside of system library
functions, and there are calls to deallocation functions in the
application.


*******************************************************************************
*** PLACEMENT SUMMARY
***

"A0":  place at address 0x800'0000 { ro section .intvec };
"P1":  place in [from 0x800'0000 to 0x800'ffff] { ro };
define block CSTACK with size = 2K, alignment = 8 { };
define block HEAP with size = 2K, alignment = 8 { };
"P2":  place in [from 0x2000'0000 to 0x2000'4fff] {
          rw, block CSTACK, block HEAP };

No sections matched the following patterns:

  rw  in "P2"


  Section   Kind         Address   Size  Object
  -------   ----         -------   ----  ------
"A0":                              0x40
  .intvec   ro code   0x800'0000   0x40  vector_table_M.o [3]
                    - 0x800'0040   0x40

"P1":                             0x4f0
  .text     ro code   0x800'0040  0x264  stm32_gpio.o [1]
  .text     ro code   0x800'02a4  0x10c  stm32_spi.o [1]
  .text     ro code   0x800'03b0   0xe8  spi_test.o [1]
  .text     ro code   0x800'0498   0x36  strlen.o [3]
  .text     ro code   0x800'04ce    0x2  vector_table_M.o [3]
  .text     ro code   0x800'04d0   0x1e  cmain.o [3]
  .text     ro code   0x800'04ee    0x4  low_level_init.o [2]
  .text     ro code   0x800'04f2    0x4  exit.o [2]
  .text     ro code   0x800'04f8    0xa  cexit.o [3]
  .text     ro code   0x800'0504   0x14  exit.o [4]
  .rodata   const     0x800'0518    0xc  spi_test.o [1]
  .text     ro code   0x800'0524    0xc  cstartup_M.o [3]
                    - 0x800'0530  0x4f0

"P2":                             0x800
  CSTACK             0x2000'0000  0x800  <Block>
    CSTACK  uninit   0x2000'0000  0x800  <Block tail>
                   - 0x2000'0800  0x800

Unused ranges:

         From           To    Size
         ----           --    ----
   0x800'0530   0x800'ffff  0xfad0
  0x2000'0800  0x2000'4fff  0x4800



*******************************************************************************
*** MODULE SUMMARY
***

    Module            ro code  ro data  rw data
    ------            -------  -------  -------
command line/config:
    -------------------------------------------
    Total:

C:\Users\HP\Documents\Driver_STM32\Driver STM32F1\Debug\Obj: [1]
    spi_test.o            232       12
    stm32_gpio.o          612
    stm32_spi.o           268
    -------------------------------------------
    Total:              1'112       12

dl7M_tln.a: [2]
    exit.o                  4
    low_level_init.o        4
    -------------------------------------------
    Total:                  8

rt7M_tl.a: [3]
    cexit.o                10
    cmain.o                30
    cstartup_M.o           12
    strlen.o               54
    vector_table_M.o       66
    -------------------------------------------
    Total:                172

shb_l.a: [4]
    exit.o                 20
    -------------------------------------------
    Total:                 20

    Gaps                    4
    Linker created                        2'048
-----------------------------------------------
    Grand Total:        1'316       12    2'048


*******************************************************************************
*** ENTRY LIST
***

Entry                      Address   Size  Type      Object
-----                      -------   ----  ----      ------
?main                   0x800'04d1         Code  Gb  cmain.o [3]
CSTACK$$Base           0x2000'0000          --   Gb  - Linker created -
CSTACK$$Limit          0x2000'0800          --   Gb  - Linker created -
GPIO_Init               0x800'0113  0x16e  Code  Gb  stm32_gpio.o [1]
GPIO_PeriClockControl   0x800'0041   0xd2  Code  Gb  stm32_gpio.o [1]
Region$$Table$$Base            0x0          --   Gb  - Linker created -
Region$$Table$$Limit           0x0          --   Gb  - Linker created -
SPI2_GPIOInits          0x800'03b1   0x50  Code  Gb  spi_test.o [1]
SPI2_Inits              0x800'0401   0x3c  Code  Gb  spi_test.o [1]
SPI_GetFlagStatus       0x800'033d    0xe  Code  Gb  stm32_spi.o [1]
SPI_Init                0x800'02e1   0x5c  Code  Gb  stm32_spi.o [1]
SPI_PeriClockControl    0x800'02a5   0x3c  Code  Gb  stm32_spi.o [1]
SPI_SSIConfig           0x800'0381   0x1a  Code  Gb  stm32_spi.o [1]
SPI_SendData            0x800'034b   0x36  Code  Gb  stm32_spi.o [1]
__cmain                 0x800'04d1         Code  Gb  cmain.o [3]
__exit                  0x800'0505   0x14  Code  Gb  exit.o [4]
__iar_program_start     0x800'0525         Code  Gb  cstartup_M.o [3]
__low_level_init        0x800'04ef    0x4  Code  Gb  low_level_init.o [2]
__vector_table          0x800'0000         Data  Gb  vector_table_M.o [3]
_call_main              0x800'04dd         Code  Gb  cmain.o [3]
_exit                   0x800'04f9         Code  Gb  cexit.o [3]
_main                   0x800'04eb         Code  Gb  cmain.o [3]
exit                    0x800'04f3    0x4  Code  Gb  exit.o [2]
main                    0x800'043d   0x4e  Code  Gb  spi_test.o [1]
strlen                  0x800'0499         Code  Gb  strlen.o [3]


[1] = C:\Users\HP\Documents\Driver_STM32\Driver STM32F1\Debug\Obj
[2] = dl7M_tln.a
[3] = rt7M_tl.a
[4] = shb_l.a

  1'316 bytes of readonly  code memory
     12 bytes of readonly  data memory
  2'048 bytes of readwrite data memory

Errors: none
Warnings: none
